[2026-06-15 10:06:27] 현황 저장 시트 결정: BG + 1기 -> BG1
[2026-06-15 10:06:27] 동작 시작 sheet=BG total=1/300 today=1 active=9:00-21:00
[2026-06-15 10:06:30] 오늘 목표 설정: 300명
[2026-06-15 10:06:30] 신규 대상 시작 plan={'sex': '여자', 'day': '월수'}
[2026-06-15 10:06:36] 회원가입 시도 1/4
[2026-06-15 10:06:36] 회원가입 시작 sheet=BG plan={'sex': '여자', 'day': '월수'}
[2026-06-15 10:06:42] 회원가입 폼 진입 완료
[2026-06-15 10:06:46] 우편번호 검색 query=대구 북구 학정동로 40
[2026-06-15 10:06:47] 주소 지역 불일치 query=대구 북구 학정동로 40 result=대구 군위군 군위읍 골안길 40
[2026-06-15 10:06:48] 우편번호 검색 query=대구 북구 학정동로 40
[2026-06-15 10:06:48] 주소 지역 불일치 query=대구 북구 학정동로 40 result=대구 군위군 군위읍 골안길 40
[2026-06-15 10:06:48] 우편번호 검색 query=대구칠곡초등학교
[2026-06-15 10:06:49] 우편번호 입력 완료 zip=41466 addr=대구 북구 칠곡중앙대로52길 56 (태전동, 대구태암초등학교)
[2026-06-15 10:06:52] 회원가입 제출 클릭 name=강유하 id=iyeseoxoxroc46g school=대구칠곡초등학교
[2026-06-15 10:06:53] 회원가입 알림 name=강유하 id=iyeseoxoxroc46g message=회원 가입하시겠습니까?
[2026-06-15 10:06:54] 회원가입 알림 name=강유하 id=iyeseoxoxroc46g message=회원 가입에 감사드립니다.
[2026-06-15 10:07:04] 회원가입 검증 완료 name=강유하 day=월수 dialogs=['회원 가입하시겠습니까?', '회원 가입에 감사드립니다.']
[2026-06-15 10:07:05] 수강신청 시도 1 name=강유하 id=iyeseoxoxroc46g
[2026-06-15 10:07:05] 수강신청 시작 name=강유하 sheet=BG day=월수
[2026-06-15 10:07:12] BG 과정 선택 완료 day=월수 course_id=3_29 label='' week_filter=False
[2026-06-15 10:07:12] 수강신청 요일 선택 완료 name=강유하 day=월수
[2026-06-15 10:07:14] 수강신청 1차 제출 완료 name=강유하
[2026-06-15 10:07:18] 수강신청 최종 제출 완료 name=강유하
강유하 신청 완료 / 총 2명, 오늘 2명 추가되었습니다.
[2026-06-15 10:07:20] 기록 저장 완료 name=강유하 total=2 today=2
[2026-06-15 10:07:22] 대상 완료 name=강유하 total=2/300 today=2/300
[2026-06-15 10:07:23] 신규 대상 시작 plan={'sex': '남자', 'day': '월수'}
[2026-06-15 10:07:29] 회원가입 시도 1/4
[2026-06-15 10:07:29] 회원가입 시작 sheet=BG plan={'sex': '남자', 'day': '월수'}
[2026-06-15 10:07:38] 회원가입 폼 진입 완료
[2026-06-15 10:07:42] 우편번호 검색 query=대구 북구 학정동로 40
[2026-06-15 10:07:44] 우편번호 입력 완료 zip=41417 addr=대구 북구 학정동로 40 (학정동, 칠곡2차 한라하우젠트)
[2026-06-15 10:07:45] 회원가입 제출 클릭 name=윤도원 id=teenimaginan145 school=대구학정초등학교
[2026-06-15 10:07:46] 회원가입 알림 name=윤도원 id=teenimaginan145 message=회원 가입하시겠습니까?
[2026-06-15 10:07:47] 회원가입 알림 name=윤도원 id=teenimaginan145 message=회원 가입에 감사드립니다.
[2026-06-15 10:07:58] 회원가입 검증 완료 name=윤도원 day=월수 dialogs=['회원 가입하시겠습니까?', '회원 가입에 감사드립니다.']
[2026-06-15 10:07:58] 수강신청 시도 1 name=윤도원 id=teenimaginan145
[2026-06-15 10:07:58] 수강신청 시작 name=윤도원 sheet=BG day=월수
[2026-06-15 10:08:05] BG 과정 선택 완료 day=월수 course_id=3_29 label='' week_filter=False
[2026-06-15 10:08:05] 수강신청 요일 선택 완료 name=윤도원 day=월수
[2026-06-15 10:08:08] 수강신청 1차 제출 완료 name=윤도원
[2026-06-15 10:08:13] 수강신청 최종 제출 완료 name=윤도원
윤도원 신청 완료 / 총 3명, 오늘 3명 추가되었습니다.
[2026-06-15 10:08:15] 기록 저장 완료 name=윤도원 total=3 today=3
[2026-06-15 10:08:20] 대상 완료 name=윤도원 total=3/300 today=3/300
[2026-06-15 10:08:21] 신규 대상 시작 plan={'sex': '여자', 'day': '화목'}
[2026-06-15 10:08:28] 회원가입 시도 1/4
[2026-06-15 10:08:28] 회원가입 시작 sheet=BG plan={'sex': '여자', 'day': '화목'}
[2026-06-15 10:08:38] 회원가입 폼 진입 완료
[2026-06-15 10:08:45] 우편번호 검색 query=대구 북구 학정동로 40
[2026-06-15 10:08:46] 주소 지역 불일치 query=대구 북구 학정동로 40 result=대구 군위군 군위읍 골안길 40
[2026-06-15 10:08:47] 우편번호 검색 query=대구 북구 학정동로 40
[2026-06-15 10:08:47] 주소 지역 불일치 query=대구 북구 학정동로 40 result=대구 군위군 군위읍 골안길 40
[2026-06-15 10:08:48] 우편번호 검색 query=대구학남초등학교
[2026-06-15 10:08:49] 우편번호 입력 완료 zip=41420 addr=대구 북구 학정동로 23 (국우동, 대구학남초등학교)
[2026-06-15 10:08:52] 회원가입 제출 클릭 name=전수연 id=chillpioneek756 school=대구학남초등학교
[2026-06-15 10:08:54] 회원가입 알림 name=전수연 id=chillpioneek756 message=회원 가입하시겠습니까?
[2026-06-15 10:08:55] 회원가입 알림 name=전수연 id=chillpioneek756 message=회원 가입에 감사드립니다.
[2026-06-15 10:09:06] 회원가입 검증 완료 name=전수연 day=화목 dialogs=['회원 가입하시겠습니까?', '회원 가입에 감사드립니다.']
[2026-06-15 10:09:06] 수강신청 시도 1 name=전수연 id=chillpioneek756
[2026-06-15 10:09:06] 수강신청 시작 name=전수연 sheet=BG day=화목
[2026-06-15 10:09:14] BG 과정 선택 완료 day=화목 course_id=4_30 label='' week_filter=False
[2026-06-15 10:09:14] 수강신청 요일 선택 완료 name=전수연 day=화목
[2026-06-15 10:09:16] 수강신청 1차 제출 완료 name=전수연
[2026-06-15 10:09:20] 수강신청 최종 제출 완료 name=전수연
전수연 신청 완료 / 총 4명, 오늘 4명 추가되었습니다.
[2026-06-15 10:09:21] 기록 저장 완료 name=전수연 total=4 today=4
[2026-06-15 10:09:26] 대상 완료 name=전수연 total=4/300 today=4/300
[2026-06-15 10:09:26] 신규 대상 시작 plan={'sex': '여자', 'day': '화목'}
[2026-06-15 10:09:30] 회원가입 시도 1/4
[2026-06-15 10:09:30] 회원가입 시작 sheet=BG plan={'sex': '여자', 'day': '화목'}
[2026-06-15 10:09:37] 회원가입 폼 진입 완료
[2026-06-15 10:09:41] 우편번호 검색 query=대구 북구 호암로 40
[2026-06-15 10:09:43] 우편번호 입력 완료 zip=41586 addr=대구 북구 호암로 40 (칠성동2가, 삼성아파트)
[2026-06-15 10:09:45] 회원가입 제출 클릭 name=김주안 id=connectorcul42m school=대구칠성초등학교
[2026-06-15 10:09:46] 회원가입 알림 name=김주안 id=connectorcul42m message=회원 가입하시겠습니까?
[2026-06-15 10:09:47] 회원가입 알림 name=김주안 id=connectorcul42m message=회원 가입에 감사드립니다.
[2026-06-15 10:09:57] 회원가입 검증 완료 name=김주안 day=화목 dialogs=['회원 가입하시겠습니까?', '회원 가입에 감사드립니다.']
[2026-06-15 10:09:57] 수강신청 시도 1 name=김주안 id=connectorcul42m
[2026-06-15 10:09:57] 수강신청 시작 name=김주안 sheet=BG day=화목
[2026-06-15 10:10:05] BG 과정 선택 완료 day=화목 course_id=4_30 label='' week_filter=False
[2026-06-15 10:10:05] 수강신청 요일 선택 완료 name=김주안 day=화목
[2026-06-15 10:10:07] 수강신청 1차 제출 완료 name=김주안
[2026-06-15 10:10:13] 수강신청 최종 제출 완료 name=김주안
김주안 신청 완료 / 총 5명, 오늘 5명 추가되었습니다.
[2026-06-15 10:10:14] 기록 저장 완료 name=김주안 total=5 today=5
[2026-06-15 10:10:16] 대상 완료 name=김주안 total=5/300 today=5/300
[2026-06-15 10:10:17] 신규 대상 시작 plan={'sex': '남자', 'day': '화목'}
[2026-06-15 10:10:21] 회원가입 시도 1/4
[2026-06-15 10:10:21] 회원가입 시작 sheet=BG plan={'sex': '남자', 'day': '화목'}
[2026-06-15 10:10:27] 회원가입 폼 진입 완료
[2026-06-15 10:10:33] 우편번호 검색 query=대구 북구 동천로 156
[2026-06-15 10:10:34] 주소 지역 불일치 query=대구 북구 동천로 156 result=대구 군위군 군위읍 군위공단길 156
[2026-06-15 10:10:34] 우편번호 검색 query=대구 북구 동천로 156
[2026-06-15 10:10:34] 주소 지역 불일치 query=대구 북구 동천로 156 result=대구 군위군 군위읍 군위공단길 156
[2026-06-15 10:10:35] 우편번호 검색 query=대구운암초등학교
[2026-06-15 10:10:36] 우편번호 입력 완료 zip=41429 addr=대구 북구 대천로 148 (구암동, 대구운암초등학교)
[2026-06-15 10:10:37] 회원가입 제출 클릭 name=함서빈 id=promoterhel6009 school=대구운암초등학교
[2026-06-15 10:10:39] 회원가입 알림 name=함서빈 id=promoterhel6009 message=회원 가입하시겠습니까?
[2026-06-15 10:10:40] 회원가입 알림 name=함서빈 id=promoterhel6009 message=회원 가입하시겠습니까?
[2026-06-15 10:10:41] 회원가입 알림 name=함서빈 id=promoterhel6009 message=회원 가입에 감사드립니다.
[2026-06-15 10:10:51] 회원가입 검증 완료 name=함서빈 day=화목 dialogs=['회원 가입하시겠습니까?', '회원 가입하시겠습니까?', '회원 가입에 감사드립니다.']
[2026-06-15 10:10:51] 수강신청 시도 1 name=함서빈 id=promoterhel6009
[2026-06-15 10:10:51] 수강신청 시작 name=함서빈 sheet=BG day=화목
[2026-06-15 10:10:58] BG 과정 선택 완료 day=화목 course_id=4_30 label='' week_filter=False
[2026-06-15 10:10:58] 수강신청 요일 선택 완료 name=함서빈 day=화목
[2026-06-15 10:11:00] 수강신청 1차 제출 완료 name=함서빈
[2026-06-15 10:11:05] 수강신청 최종 제출 완료 name=함서빈
함서빈 신청 완료 / 총 6명, 오늘 6명 추가되었습니다.
[2026-06-15 10:11:05] 기록 저장 완료 name=함서빈 total=6 today=6
[2026-06-15 10:11:07] 대상 완료 name=함서빈 total=6/300 today=6/300
[2026-06-15 10:11:07] 신규 대상 시작 plan={'sex': '남자', 'day': '월수'}
[2026-06-15 10:11:11] 회원가입 시도 1/4
[2026-06-15 10:11:11] 회원가입 시작 sheet=BG plan={'sex': '남자', 'day': '월수'}
[2026-06-15 10:11:17] 회원가입 폼 진입 완료
[2026-06-15 10:11:21] 우편번호 검색 query=대구 북구 한강로 17
[2026-06-15 10:11:22] 우편번호 입력 완료 zip=41599 addr=대구 북구 한강로 17 (사수동, 금호서한이다음)
[2026-06-15 10:11:23] 회원가입 제출 클릭 name=라리환 id=freesingeru858 school=대구삼영초등학교
[2026-06-15 10:11:24] 회원가입 알림 name=라리환 id=freesingeru858 message=회원 가입하시겠습니까?
[2026-06-15 10:11:25] 회원가입 알림 name=라리환 id=freesingeru858 message=회원 가입에 감사드립니다.
[2026-06-15 10:11:34] 회원가입 검증 완료 name=라리환 day=월수 dialogs=['회원 가입하시겠습니까?', '회원 가입에 감사드립니다.']
[2026-06-15 10:11:34] 수강신청 시도 1 name=라리환 id=freesingeru858
[2026-06-15 10:11:34] 수강신청 시작 name=라리환 sheet=BG day=월수
[2026-06-15 10:11:42] BG 과정 선택 완료 day=월수 course_id=3_29 label='' week_filter=False
[2026-06-15 10:11:42] 수강신청 요일 선택 완료 name=라리환 day=월수
[2026-06-15 10:11:44] 수강신청 1차 제출 완료 name=라리환
[2026-06-15 10:11:47] 수강신청 최종 제출 완료 name=라리환
라리환 신청 완료 / 총 7명, 오늘 7명 추가되었습니다.
[2026-06-15 10:11:47] 기록 저장 완료 name=라리환 total=7 today=7
[2026-06-15 10:11:49] 대상 완료 name=라리환 total=7/300 today=7/300
[2026-06-15 10:11:49] 신규 대상 시작 plan={'sex': '남자', 'day': '월수'}
[2026-06-15 10:11:53] 회원가입 시도 1/4
[2026-06-15 10:11:53] 회원가입 시작 sheet=BG plan={'sex': '남자', 'day': '월수'}
[2026-06-15 10:11:59] 회원가입 폼 진입 완료
[2026-06-15 10:12:03] 우편번호 검색 query=대구 동구 동화천로 369
[2026-06-15 10:12:03] 우편번호 검색 실패 query=대구 동구 동화천로 369 error=Error('Locator.count: Execution context was destroyed, most likely because of a navigation')
[2026-06-15 10:12:04] 우편번호 검색 query=대구 동구 동화천로 369
[2026-06-15 10:12:04] 주소 지역 불일치 query=대구 동구 동화천로 369 result=대구 동구 동화천로 369 (대구 연경 아이파크)
[2026-06-15 10:12:05] 우편번호 검색 query=대구연경초등학교
[2026-06-15 10:12:05] 주소 지역 불일치 query=대구연경초등학교 result=대구 동구 동화천로 369 (대구 연경 아이파크)
[2026-06-15 10:12:05] 우편번호 검색 query=대구연경초등학교
[2026-06-15 10:12:05] 주소 지역 불일치 query=대구연경초등학교 result=대구 동구 동화천로 369 (대구 연경 아이파크)
[2026-06-15 10:12:05] 회원가입 실패 try=1 error=RuntimeError("우편번호/주소 입력 실패 queries=['대구 동구 동화천로 369', '대구연경초등학교'] required=북구 last_error=주소 지역 불일치 query=대구연경초등학교 result=대구 동구 동화천로 369 (대구 연경 아이파크)")
[2026-06-15 10:12:06] 회원가입 시도 2/4
[2026-06-15 10:12:06] 회원가입 시작 sheet=BG plan={'sex': '남자', 'day': '월수'}
[2026-06-15 10:12:11] 회원가입 폼 진입 완료
[2026-06-15 10:12:15] 우편번호 검색 query=대구 북구 읍내동 794
[2026-06-15 10:12:17] 우편번호 입력 완료 zip=41433 addr=대구 북구 칠곡중앙대로110길 5 (읍내동, 대구칠곡초등학교)
[2026-06-15 10:12:18] 회원가입 제출 클릭 name=우시윤 id=animeplanetu350 school=대구칠곡초등학교
[2026-06-15 10:12:19] 회원가입 알림 name=우시윤 id=animeplanetu350 message=회원 가입하시겠습니까?
[2026-06-15 10:12:20] 회원가입 알림 name=우시윤 id=animeplanetu350 message=회원 가입에 감사드립니다.
[2026-06-15 10:12:30] 회원가입 검증 완료 name=우시윤 day=월수 dialogs=['회원 가입하시겠습니까?', '회원 가입에 감사드립니다.']
[2026-06-15 10:12:30] 수강신청 시도 1 name=우시윤 id=animeplanetu350
[2026-06-15 10:12:30] 수강신청 시작 name=우시윤 sheet=BG day=월수
[2026-06-15 10:12:37] BG 과정 선택 완료 day=월수 course_id=3_29 label='' week_filter=False
[2026-06-15 10:12:37] 수강신청 요일 선택 완료 name=우시윤 day=월수
[2026-06-15 10:12:40] 수강신청 1차 제출 완료 name=우시윤
[2026-06-15 10:12:43] 수강신청 최종 제출 완료 name=우시윤
우시윤 신청 완료 / 총 8명, 오늘 8명 추가되었습니다.
[2026-06-15 10:12:44] 기록 저장 완료 name=우시윤 total=8 today=8
[2026-06-15 10:12:45] 대상 완료 name=우시윤 total=8/300 today=8/300
[2026-06-15 10:12:45] 신규 대상 시작 plan={'sex': '여자', 'day': '월수'}
[2026-06-15 10:12:49] 회원가입 시도 1/4
[2026-06-15 10:12:49] 회원가입 시작 sheet=BG plan={'sex': '여자', 'day': '월수'}
[2026-06-15 10:12:56] 회원가입 폼 진입 완료
[2026-06-15 10:13:00] 우편번호 검색 query=대구 북구 학남로 100
[2026-06-15 10:13:01] 우편번호 입력 완료 zip=41420 addr=대구 북구 학남로 100 (국우동, 칠곡그린빌 5,6단지)
[2026-06-15 10:13:02] 회원가입 제출 클릭 name=김예은 id=btsmath4688 school=대구학남초등학교
[2026-06-15 10:13:02] 회원가입 알림 name=김예은 id=btsmath4688 message=회원 가입하시겠습니까?
[2026-06-15 10:13:03] 회원가입 알림 name=김예은 id=btsmath4688 message=회원 가입에 감사드립니다.
[2026-06-15 10:13:13] 회원가입 검증 완료 name=김예은 day=월수 dialogs=['회원 가입하시겠습니까?', '회원 가입에 감사드립니다.']
[2026-06-15 10:13:13] 수강신청 시도 1 name=김예은 id=btsmath4688
[2026-06-15 10:13:13] 수강신청 시작 name=김예은 sheet=BG day=월수
[2026-06-15 10:13:20] BG 과정 선택 완료 day=월수 course_id=3_29 label='' week_filter=False
[2026-06-15 10:13:20] 수강신청 요일 선택 완료 name=김예은 day=월수
[2026-06-15 10:13:22] 수강신청 1차 제출 완료 name=김예은
[2026-06-15 10:13:26] 수강신청 최종 제출 완료 name=김예은
김예은 신청 완료 / 총 9명, 오늘 9명 추가되었습니다.
[2026-06-15 10:13:26] 기록 저장 완료 name=김예은 total=9 today=9
[2026-06-15 10:13:27] 대상 완료 name=김예은 total=9/300 today=9/300
[2026-06-15 10:13:28] 신규 대상 시작 plan={'sex': '남자', 'day': '월수'}
[2026-06-15 10:13:30] 회원가입 시도 1/4
[2026-06-15 10:13:30] 회원가입 시작 sheet=BG plan={'sex': '남자', 'day': '월수'}
[2026-06-15 10:13:37] 회원가입 폼 진입 완료
[2026-06-15 10:13:40] 우편번호 검색 query=대구 북구 구암서로 41
[2026-06-15 10:13:40] 우편번호 검색 실패 query=대구 북구 구암서로 41 error=Error('Locator.count: Execution context was destroyed, most likely because of a navigation')
[2026-06-15 10:13:41] 우편번호 검색 query=대구 북구 구암서로 41
[2026-06-15 10:13:41] 우편번호 입력 완료 zip=41425 addr=대구 북구 구암서로 41 (구암동, 그린빌3차)
[2026-06-15 10:13:42] 회원가입 제출 클릭 name=하희찬 id=prisminfluen18y school=대구칠곡초등학교
[2026-06-15 10:13:43] 회원가입 알림 name=하희찬 id=prisminfluen18y message=회원 가입하시겠습니까?
[2026-06-15 10:13:43] 회원가입 알림 name=하희찬 id=prisminfluen18y message=회원 가입에 감사드립니다.
[2026-06-15 10:13:53] 회원가입 검증 완료 name=하희찬 day=월수 dialogs=['회원 가입하시겠습니까?', '회원 가입에 감사드립니다.']
[2026-06-15 10:13:53] 수강신청 시도 1 name=하희찬 id=prisminfluen18y
[2026-06-15 10:13:53] 수강신청 시작 name=하희찬 sheet=BG day=월수
[2026-06-15 10:14:00] BG 과정 선택 완료 day=월수 course_id=3_29 label='' week_filter=False
[2026-06-15 10:14:00] 수강신청 요일 선택 완료 name=하희찬 day=월수
[2026-06-15 10:14:02] 수강신청 1차 제출 완료 name=하희찬
[2026-06-15 10:14:07] 수강신청 최종 제출 완료 name=하희찬
하희찬 신청 완료 / 총 10명, 오늘 10명 추가되었습니다.
[2026-06-15 10:14:09] 기록 저장 완료 name=하희찬 total=10 today=10
[2026-06-15 10:14:11] 대상 완료 name=하희찬 total=10/300 today=10/300
[2026-06-15 10:14:11] 신규 대상 시작 plan={'sex': '남자', 'day': '월수'}
[2026-06-15 10:14:16] 회원가입 시도 1/4
[2026-06-15 10:14:16] 회원가입 시작 sheet=BG plan={'sex': '남자', 'day': '월수'}
[2026-06-15 10:14:26] 회원가입 폼 진입 완료
[2026-06-15 10:14:31] 우편번호 검색 query=대구 북구 동변로 50
[2026-06-15 10:14:43] 우편번호 검색 query=대구 북구 동변로 50
[2026-06-15 10:14:45] 우편번호 입력 완료 zip=41414 addr=대구 북구 동변로 50 (동변동, 유니버시아드선수촌)
[2026-06-15 10:14:46] 회원가입 제출 클릭 name=한준 id=matrixdiverq167 school=대구동변초등학교
[2026-06-15 10:14:47] 회원가입 알림 name=한준 id=matrixdiverq167 message=회원 가입하시겠습니까?
[2026-06-15 10:14:47] 회원가입 알림 name=한준 id=matrixdiverq167 message=회원 가입에 감사드립니다.
[2026-06-15 10:14:57] 회원가입 검증 완료 name=한준 day=월수 dialogs=['회원 가입하시겠습니까?', '회원 가입에 감사드립니다.']
[2026-06-15 10:14:57] 수강신청 시도 1 name=한준 id=matrixdiverq167
[2026-06-15 10:14:57] 수강신청 시작 name=한준 sheet=BG day=월수
[2026-06-15 10:15:04] BG 과정 선택 완료 day=월수 course_id=3_29 label='' week_filter=False
[2026-06-15 10:15:04] 수강신청 요일 선택 완료 name=한준 day=월수
[2026-06-15 10:15:06] 수강신청 1차 제출 완료 name=한준
[2026-06-15 10:15:10] 수강신청 최종 제출 완료 name=한준
한준 신청 완료 / 총 11명, 오늘 11명 추가되었습니다.
[2026-06-15 10:15:10] 기록 저장 완료 name=한준 total=11 today=11
[2026-06-15 10:15:12] 대상 완료 name=한준 total=11/300 today=11/300
[2026-06-15 10:15:12] 신규 대상 시작 plan={'sex': '남자', 'day': '화목'}
[2026-06-15 10:15:16] 회원가입 시도 1/4
[2026-06-15 10:15:16] 회원가입 시작 sheet=BG plan={'sex': '남자', 'day': '화목'}
[2026-06-15 10:15:25] 회원가입 폼 진입 완료
[2026-06-15 10:15:28] 우편번호 검색 query=대구 북구 동천로 156
[2026-06-15 10:15:29] 우편번호 입력 완료 zip=41421 addr=대구 북구 동천로 156 (동천동, 동화골든빌)
[2026-06-15 10:15:30] 회원가입 제출 클릭 name=박도준 id=planetinclus13i school=대구동평초등학교
[2026-06-15 10:15:31] 회원가입 알림 name=박도준 id=planetinclus13i message=회원 가입하시겠습니까?
[2026-06-15 10:15:32] 회원가입 알림 name=박도준 id=planetinclus13i message=회원 가입에 감사드립니다.
[2026-06-15 10:15:43] 회원가입 검증 완료 name=박도준 day=화목 dialogs=['회원 가입하시겠습니까?', '회원 가입에 감사드립니다.']
[2026-06-15 10:15:43] 수강신청 시도 1 name=박도준 id=planetinclus13i
[2026-06-15 10:15:43] 수강신청 시작 name=박도준 sheet=BG day=화목
[2026-06-15 10:15:50] BG 과정 선택 완료 day=화목 course_id=4_30 label='' week_filter=False
[2026-06-15 10:15:50] 수강신청 요일 선택 완료 name=박도준 day=화목
[2026-06-15 10:15:52] 수강신청 1차 제출 완료 name=박도준
[2026-06-15 10:15:56] 수강신청 최종 제출 완료 name=박도준
박도준 신청 완료 / 총 12명, 오늘 12명 추가되었습니다.
[2026-06-15 10:16:01] 기록 저장 완료 name=박도준 total=12 today=12
[2026-06-15 10:16:09] 대상 완료 name=박도준 total=12/300 today=12/300
[2026-06-15 10:16:09] 신규 대상 시작 plan={'sex': '여자', 'day': '월수'}
[2026-06-15 10:16:15] 회원가입 시도 1/4
[2026-06-15 10:16:15] 회원가입 시작 sheet=BG plan={'sex': '여자', 'day': '월수'}
[2026-06-15 10:16:22] 회원가입 폼 진입 완료
[2026-06-15 10:16:26] 우편번호 검색 query=대구 북구 내곡로 89
[2026-06-15 10:16:39] 우편번호 검색 query=대구 북구 내곡로 89
[2026-06-15 10:16:40] 우편번호 입력 완료 zip=41492 addr=대구 북구 내곡로 89 (사수동, 브라운스톤 강북)
[2026-06-15 10:16:41] 회원가입 제출 클릭 name=강지윤 id=mintlearningv88 school=대구삼영초등학교
[2026-06-15 10:16:42] 회원가입 알림 name=강지윤 id=mintlearningv88 message=회원 가입하시겠습니까?
[2026-06-15 10:16:42] 회원가입 알림 name=강지윤 id=mintlearningv88 message=회원 가입에 감사드립니다.
[2026-06-15 10:16:52] 회원가입 검증 완료 name=강지윤 day=월수 dialogs=['회원 가입하시겠습니까?', '회원 가입에 감사드립니다.']
[2026-06-15 10:16:52] 수강신청 시도 1 name=강지윤 id=mintlearningv88
[2026-06-15 10:16:52] 수강신청 시작 name=강지윤 sheet=BG day=월수
[2026-06-15 10:16:59] BG 과정 선택 완료 day=월수 course_id=3_29 label='' week_filter=False
[2026-06-15 10:16:59] 수강신청 요일 선택 완료 name=강지윤 day=월수
[2026-06-15 10:17:01] 수강신청 1차 제출 완료 name=강지윤
[2026-06-15 10:17:04] 수강신청 최종 제출 완료 name=강지윤
강지윤 신청 완료 / 총 13명, 오늘 13명 추가되었습니다.
[2026-06-15 10:17:05] 기록 저장 완료 name=강지윤 total=13 today=13
[2026-06-15 10:17:06] 대상 완료 name=강지윤 total=13/300 today=13/300
[2026-06-15 10:17:06] 신규 대상 시작 plan={'sex': '남자', 'day': '월수'}
[2026-06-15 10:17:09] 회원가입 시도 1/4
[2026-06-15 10:17:09] 회원가입 시작 sheet=BG plan={'sex': '남자', 'day': '월수'}
[2026-06-15 10:17:15] 회원가입 폼 진입 완료
[2026-06-15 10:17:18] 우편번호 검색 query=대구 북구 한강로 17
[2026-06-15 10:17:19] 우편번호 입력 완료 zip=41599 addr=대구 북구 한강로 17 (사수동, 금호서한이다음)
[2026-06-15 10:17:20] 회원가입 제출 클릭 name=여성우 id=braveminecra940 school=대구삼영초등학교
[2026-06-15 10:17:21] 회원가입 알림 name=여성우 id=braveminecra940 message=회원 가입하시겠습니까?
[2026-06-15 10:17:21] 회원가입 알림 name=여성우 id=braveminecra940 message=회원 가입에 감사드립니다.
[2026-06-15 10:17:31] 회원가입 검증 완료 name=여성우 day=월수 dialogs=['회원 가입하시겠습니까?', '회원 가입에 감사드립니다.']
[2026-06-15 10:17:31] 수강신청 시도 1 name=여성우 id=braveminecra940
[2026-06-15 10:17:31] 수강신청 시작 name=여성우 sheet=BG day=월수
[2026-06-15 10:17:38] BG 과정 선택 완료 day=월수 course_id=3_29 label='' week_filter=False
[2026-06-15 10:17:39] 수강신청 요일 선택 완료 name=여성우 day=월수
[2026-06-15 10:17:40] 수강신청 1차 제출 완료 name=여성우
[2026-06-15 10:17:44] 수강신청 최종 제출 완료 name=여성우
여성우 신청 완료 / 총 14명, 오늘 14명 추가되었습니다.
[2026-06-15 10:17:44] 기록 저장 완료 name=여성우 total=14 today=14
[2026-06-15 10:17:45] 대상 완료 name=여성우 total=14/300 today=14/300
[2026-06-15 10:17:45] 신규 대상 시작 plan={'sex': '남자', 'day': '화목'}
[2026-06-15 10:17:48] 회원가입 시도 1/4
[2026-06-15 10:17:48] 회원가입 시작 sheet=BG plan={'sex': '남자', 'day': '화목'}
[2026-06-15 10:17:54] 회원가입 폼 진입 완료
[2026-06-15 10:17:57] 우편번호 검색 query=대구 북구 내곡로 89
[2026-06-15 10:17:58] 우편번호 입력 완료 zip=41492 addr=대구 북구 내곡로 89 (사수동, 브라운스톤 강북)
[2026-06-15 10:17:59] 회원가입 제출 클릭 name=박강윤 id=youtubekindn25x school=대구사수초등학교
[2026-06-15 10:18:00] 회원가입 알림 name=박강윤 id=youtubekindn25x message=회원 가입하시겠습니까?
[2026-06-15 10:18:01] 회원가입 알림 name=박강윤 id=youtubekindn25x message=회원 가입에 감사드립니다.
[2026-06-15 10:18:10] 회원가입 검증 완료 name=박강윤 day=화목 dialogs=['회원 가입하시겠습니까?', '회원 가입에 감사드립니다.']
[2026-06-15 10:18:10] 수강신청 시도 1 name=박강윤 id=youtubekindn25x
[2026-06-15 10:18:10] 수강신청 시작 name=박강윤 sheet=BG day=화목
[2026-06-15 10:18:18] BG 과정 선택 완료 day=화목 course_id=4_30 label='' week_filter=False
[2026-06-15 10:18:18] 수강신청 요일 선택 완료 name=박강윤 day=화목
[2026-06-15 10:18:20] 수강신청 1차 제출 완료 name=박강윤
[2026-06-15 10:18:25] 수강신청 최종 제출 완료 name=박강윤
박강윤 신청 완료 / 총 15명, 오늘 15명 추가되었습니다.
[2026-06-15 10:18:25] 기록 저장 완료 name=박강윤 total=15 today=15
[2026-06-15 10:18:27] 대상 완료 name=박강윤 total=15/300 today=15/300
[2026-06-15 10:18:27] 신규 대상 시작 plan={'sex': '여자', 'day': '월수'}
[2026-06-15 10:18:31] 회원가입 시도 1/4
[2026-06-15 10:18:31] 회원가입 시작 sheet=BG plan={'sex': '여자', 'day': '월수'}
[2026-06-15 10:18:38] 회원가입 폼 진입 완료
[2026-06-15 10:18:41] 우편번호 검색 query=대구 북구 동천로 156
[2026-06-15 10:18:42] 우편번호 입력 완료 zip=41421 addr=대구 북구 동천로 156 (동천동, 동화골든빌)
[2026-06-15 10:18:43] 회원가입 제출 클릭 name=이소미 id=researchersn849 school=대구동평초등학교
[2026-06-15 10:18:43] 회원가입 알림 name=이소미 id=researchersn849 message=회원 가입하시겠습니까?
[2026-06-15 10:18:44] 회원가입 알림 name=이소미 id=researchersn849 message=회원 가입에 감사드립니다.
[2026-06-15 10:18:54] 회원가입 검증 완료 name=이소미 day=월수 dialogs=['회원 가입하시겠습니까?', '회원 가입에 감사드립니다.']
[2026-06-15 10:18:54] 수강신청 시도 1 name=이소미 id=researchersn849
[2026-06-15 10:18:54] 수강신청 시작 name=이소미 sheet=BG day=월수
[2026-06-15 10:19:01] BG 과정 선택 완료 day=월수 course_id=3_29 label='' week_filter=False
[2026-06-15 10:19:01] 수강신청 요일 선택 완료 name=이소미 day=월수
[2026-06-15 10:19:03] 수강신청 1차 제출 완료 name=이소미
[2026-06-15 10:19:07] 수강신청 최종 제출 완료 name=이소미
이소미 신청 완료 / 총 16명, 오늘 16명 추가되었습니다.
[2026-06-15 10:19:07] 기록 저장 완료 name=이소미 total=16 today=16
[2026-06-15 10:19:08] 대상 완료 name=이소미 total=16/300 today=16/300
[2026-06-15 10:19:08] 신규 대상 시작 plan={'sex': '여자', 'day': '화목'}
[2026-06-15 10:19:12] 회원가입 시도 1/4
[2026-06-15 10:19:12] 회원가입 시작 sheet=BG plan={'sex': '여자', 'day': '화목'}
[2026-06-15 10:19:18] 회원가입 폼 진입 완료
[2026-06-15 10:19:20] 우편번호 검색 query=대구 북구 대천로 101
[2026-06-15 10:19:22] 우편번호 입력 완료 zip=41427 addr=대구 북구 대천로 101 (동천동, 칠곡3차화성타운)
[2026-06-15 10:19:22] 회원가입 제출 클릭 name=이하리 id=mindfulnesse801 school=대구동평초등학교
[2026-06-15 10:19:23] 회원가입 알림 name=이하리 id=mindfulnesse801 message=회원 가입하시겠습니까?
[2026-06-15 10:19:24] 회원가입 알림 name=이하리 id=mindfulnesse801 message=회원 가입에 감사드립니다.
[2026-06-15 10:19:34] 회원가입 검증 완료 name=이하리 day=화목 dialogs=['회원 가입하시겠습니까?', '회원 가입에 감사드립니다.']
[2026-06-15 10:19:34] 수강신청 시도 1 name=이하리 id=mindfulnesse801
[2026-06-15 10:19:34] 수강신청 시작 name=이하리 sheet=BG day=화목
[2026-06-15 10:19:41] BG 과정 선택 완료 day=화목 course_id=4_30 label='' week_filter=False
[2026-06-15 10:19:41] 수강신청 요일 선택 완료 name=이하리 day=화목
[2026-06-15 10:19:42] 수강신청 1차 제출 완료 name=이하리
[2026-06-15 10:19:46] 수강신청 최종 제출 완료 name=이하리
이하리 신청 완료 / 총 17명, 오늘 17명 추가되었습니다.
[2026-06-15 10:19:46] 기록 저장 완료 name=이하리 total=17 today=17
[2026-06-15 10:19:47] 대상 완료 name=이하리 total=17/300 today=17/300
[2026-06-15 10:19:48] 신규 대상 시작 plan={'sex': '남자', 'day': '화목'}
[2026-06-15 10:19:51] 회원가입 시도 1/4
[2026-06-15 10:19:51] 회원가입 시작 sheet=BG plan={'sex': '남자', 'day': '화목'}
[2026-06-15 10:19:56] 회원가입 폼 진입 완료
[2026-06-15 10:19:59] 우편번호 검색 query=대구광역시 북구 국우동 1079
[2026-06-15 10:20:00] 우편번호 입력 완료 zip=41420 addr=대구 북구 학정동로 7 (국우동, 부영아파트)
[2026-06-15 10:20:01] 회원가입 제출 클릭 name=이유환 id=deltapepper55a school=대구도남초등학교
[2026-06-15 10:20:02] 회원가입 알림 name=이유환 id=deltapepper55a message=회원 가입하시겠습니까?
[2026-06-15 10:20:02] 회원가입 알림 name=이유환 id=deltapepper55a message=회원 가입에 감사드립니다.
[2026-06-15 10:20:13] 회원가입 검증 완료 name=이유환 day=화목 dialogs=['회원 가입하시겠습니까?', '회원 가입에 감사드립니다.']
[2026-06-15 10:20:13] 수강신청 시도 1 name=이유환 id=deltapepper55a
[2026-06-15 10:20:13] 수강신청 시작 name=이유환 sheet=BG day=화목
[2026-06-15 10:20:20] BG 과정 선택 완료 day=화목 course_id=4_30 label='' week_filter=False
[2026-06-15 10:20:20] 수강신청 요일 선택 완료 name=이유환 day=화목
[2026-06-15 10:20:22] 수강신청 1차 제출 완료 name=이유환
[2026-06-15 10:20:27] 수강신청 최종 제출 완료 name=이유환
이유환 신청 완료 / 총 18명, 오늘 18명 추가되었습니다.
[2026-06-15 10:20:28] 기록 저장 완료 name=이유환 total=18 today=18
[2026-06-15 10:20:30] 대상 완료 name=이유환 total=18/300 today=18/300
[2026-06-15 10:20:30] 신규 대상 시작 plan={'sex': '남자', 'day': '월수'}
[2026-06-15 10:20:34] 회원가입 시도 1/4
[2026-06-15 10:20:34] 회원가입 시작 sheet=BG plan={'sex': '남자', 'day': '월수'}
[2026-06-15 10:20:40] 회원가입 폼 진입 완료
[2026-06-15 10:20:45] 우편번호 검색 query=대구 북구 동천로 156
[2026-06-15 10:20:46] 우편번호 입력 완료 zip=41421 addr=대구 북구 동천로 156 (동천동, 동화골든빌)
[2026-06-15 10:20:47] 회원가입 제출 클릭 name=오민석 id=thoughtfulr8507 school=대구운암초등학교
[2026-06-15 10:20:47] 회원가입 알림 name=오민석 id=thoughtfulr8507 message=회원 가입하시겠습니까?
[2026-06-15 10:20:48] 회원가입 알림 name=오민석 id=thoughtfulr8507 message=회원 가입에 감사드립니다.
[2026-06-15 10:20:58] 회원가입 검증 완료 name=오민석 day=월수 dialogs=['회원 가입하시겠습니까?', '회원 가입에 감사드립니다.']
[2026-06-15 10:20:58] 수강신청 시도 1 name=오민석 id=thoughtfulr8507
[2026-06-15 10:20:58] 수강신청 시작 name=오민석 sheet=BG day=월수
[2026-06-15 10:21:05] BG 과정 선택 완료 day=월수 course_id=3_29 label='' week_filter=False
[2026-06-15 10:21:05] 수강신청 요일 선택 완료 name=오민석 day=월수
[2026-06-15 10:21:07] 수강신청 1차 제출 완료 name=오민석
[2026-06-15 10:21:10] 수강신청 최종 제출 완료 name=오민석
오민석 신청 완료 / 총 19명, 오늘 19명 추가되었습니다.
[2026-06-15 10:21:11] 기록 저장 완료 name=오민석 total=19 today=19
[2026-06-15 10:21:12] 대상 완료 name=오민석 total=19/300 today=19/300
[2026-06-15 10:21:12] 신규 대상 시작 plan={'sex': '남자', 'day': '월수'}
[2026-06-15 10:21:15] 회원가입 시도 1/4
[2026-06-15 10:21:15] 회원가입 시작 sheet=BG plan={'sex': '남자', 'day': '월수'}
[2026-06-15 10:21:23] 회원가입 폼 진입 완료
[2026-06-15 10:21:26] 우편번호 검색 query=대구 북구 학정동로 40
[2026-06-15 10:21:27] 우편번호 입력 완료 zip=41417 addr=대구 북구 학정동로 40 (학정동, 칠곡2차 한라하우젠트)
[2026-06-15 10:21:28] 회원가입 제출 클릭 name=김주언 id=wisesoccer1051 school=대구학남초등학교
[2026-06-15 10:21:29] 회원가입 알림 name=김주언 id=wisesoccer1051 message=회원 가입하시겠습니까?
[2026-06-15 10:21:30] 회원가입 알림 name=김주언 id=wisesoccer1051 message=회원 가입에 감사드립니다.
[2026-06-15 10:21:40] 회원가입 검증 완료 name=김주언 day=월수 dialogs=['회원 가입하시겠습니까?', '회원 가입에 감사드립니다.']
[2026-06-15 10:21:40] 수강신청 시도 1 name=김주언 id=wisesoccer1051
[2026-06-15 10:21:40] 수강신청 시작 name=김주언 sheet=BG day=월수
[2026-06-15 10:21:47] BG 과정 선택 완료 day=월수 course_id=3_29 label='' week_filter=False
[2026-06-15 10:21:47] 수강신청 요일 선택 완료 name=김주언 day=월수
[2026-06-15 10:21:48] 수강신청 1차 제출 완료 name=김주언
[2026-06-15 10:21:52] 수강신청 최종 제출 완료 name=김주언
김주언 신청 완료 / 총 20명, 오늘 20명 추가되었습니다.
[2026-06-15 10:21:52] 기록 저장 완료 name=김주언 total=20 today=20
[2026-06-15 10:21:53] 대상 완료 name=김주언 total=20/300 today=20/300
[2026-06-15 10:21:54] 신규 대상 시작 plan={'sex': '남자', 'day': '화목'}
[2026-06-15 10:21:57] 회원가입 시도 1/4
[2026-06-15 10:21:57] 회원가입 시작 sheet=BG plan={'sex': '남자', 'day': '화목'}
[2026-06-15 10:22:06] 회원가입 폼 진입 완료
[2026-06-15 10:22:09] 우편번호 검색 query=대구 북구 동천로 97
[2026-06-15 10:22:11] 주소 지역 불일치 query=대구 북구 동천로 97 result=대구 군위군 군위읍 군위공단길 97 (청록산업공장)
[2026-06-15 10:22:11] 우편번호 검색 query=대구 북구 동천로 97
[2026-06-15 10:22:11] 주소 지역 불일치 query=대구 북구 동천로 97 result=대구 군위군 군위읍 군위공단길 97 (청록산업공장)
[2026-06-15 10:22:12] 우편번호 검색 query=대구동평초등학교
[2026-06-15 10:22:19] 우편번호 검색 query=대구동평초등학교
[2026-06-15 10:22:20] 우편번호 입력 완료 zip=41427 addr=대구 북구 동천로 84 (동천동, 대구동평초등학교)
[2026-06-15 10:22:21] 회원가입 제출 클릭 name=정재하 id=organizermav730 school=대구동평초등학교
[2026-06-15 10:22:22] 회원가입 알림 name=정재하 id=organizermav730 message=회원 가입하시겠습니까?
[2026-06-15 10:22:23] 회원가입 알림 name=정재하 id=organizermav730 message=회원 가입에 감사드립니다.
[2026-06-15 10:22:32] 회원가입 검증 완료 name=정재하 day=화목 dialogs=['회원 가입하시겠습니까?', '회원 가입에 감사드립니다.']
[2026-06-15 10:22:32] 수강신청 시도 1 name=정재하 id=organizermav730
[2026-06-15 10:22:32] 수강신청 시작 name=정재하 sheet=BG day=화목
[2026-06-15 10:22:39] BG 과정 선택 완료 day=화목 course_id=4_30 label='' week_filter=False
[2026-06-15 10:22:39] 수강신청 요일 선택 완료 name=정재하 day=화목
[2026-06-15 10:22:41] 수강신청 1차 제출 완료 name=정재하
[2026-06-15 10:22:45] 수강신청 최종 제출 완료 name=정재하
정재하 신청 완료 / 총 21명, 오늘 21명 추가되었습니다.
[2026-06-15 10:22:46] 기록 저장 완료 name=정재하 total=21 today=21
[2026-06-15 10:22:47] 대상 완료 name=정재하 total=21/300 today=21/300
[2026-06-15 10:22:47] 신규 대상 시작 plan={'sex': '남자', 'day': '월수'}
[2026-06-15 10:22:50] 회원가입 시도 1/4
[2026-06-15 10:22:50] 회원가입 시작 sheet=BG plan={'sex': '남자', 'day': '월수'}
[2026-06-15 10:22:56] 회원가입 폼 진입 완료
[2026-06-15 10:22:59] 우편번호 검색 query=대구 북구 구리로 254
[2026-06-15 10:23:00] 우편번호 입력 완료 zip=41418 addr=대구 북구 구리로 254 (국우동, 칠곡현대아파트)
[2026-06-15 10:23:01] 회원가입 제출 클릭 name=서원우 id=coolmax428 school=대구도남초등학교
[2026-06-15 10:23:02] 회원가입 알림 name=서원우 id=coolmax428 message=회원 가입하시겠습니까?
[2026-06-15 10:23:03] 회원가입 알림 name=서원우 id=coolmax428 message=회원 가입에 감사드립니다.
[2026-06-15 10:23:13] 회원가입 검증 완료 name=서원우 day=월수 dialogs=['회원 가입하시겠습니까?', '회원 가입에 감사드립니다.']
[2026-06-15 10:23:13] 수강신청 시도 1 name=서원우 id=coolmax428
[2026-06-15 10:23:13] 수강신청 시작 name=서원우 sheet=BG day=월수
[2026-06-15 10:23:20] BG 과정 선택 완료 day=월수 course_id=3_29 label='' week_filter=False
[2026-06-15 10:23:20] 수강신청 요일 선택 완료 name=서원우 day=월수
[2026-06-15 10:23:22] 수강신청 1차 제출 완료 name=서원우
[2026-06-15 10:23:26] 수강신청 최종 제출 완료 name=서원우
서원우 신청 완료 / 총 22명, 오늘 22명 추가되었습니다.
[2026-06-15 10:23:26] 기록 저장 완료 name=서원우 total=22 today=22
[2026-06-15 10:23:27] 대상 완료 name=서원우 total=22/300 today=22/300
[2026-06-15 10:23:27] 신규 대상 시작 plan={'sex': '남자', 'day': '화목'}
[2026-06-15 10:23:30] 회원가입 시도 1/4
[2026-06-15 10:23:30] 회원가입 시작 sheet=BG plan={'sex': '남자', 'day': '화목'}
[2026-06-15 10:23:36] 회원가입 폼 진입 완료
[2026-06-15 10:23:39] 우편번호 검색 query=대구 북구 호암로 40
[2026-06-15 10:23:41] 우편번호 입력 완료 zip=41586 addr=대구 북구 호암로 40 (칠성동2가, 삼성아파트)
[2026-06-15 10:23:41] 회원가입 제출 클릭 name=정주하 id=riversmashed32k school=대구칠성초등학교
[2026-06-15 10:23:42] 회원가입 알림 name=정주하 id=riversmashed32k message=회원 가입하시겠습니까?
[2026-06-15 10:23:43] 회원가입 알림 name=정주하 id=riversmashed32k message=회원 가입에 감사드립니다.
[2026-06-15 10:23:53] 회원가입 검증 완료 name=정주하 day=화목 dialogs=['회원 가입하시겠습니까?', '회원 가입에 감사드립니다.']
[2026-06-15 10:23:53] 수강신청 시도 1 name=정주하 id=riversmashed32k
[2026-06-15 10:23:53] 수강신청 시작 name=정주하 sheet=BG day=화목
[2026-06-15 10:24:00] BG 과정 선택 완료 day=화목 course_id=4_30 label='' week_filter=False
[2026-06-15 10:24:00] 수강신청 요일 선택 완료 name=정주하 day=화목
[2026-06-15 10:24:02] 수강신청 1차 제출 완료 name=정주하
[2026-06-15 10:24:06] 수강신청 최종 제출 완료 name=정주하
정주하 신청 완료 / 총 23명, 오늘 23명 추가되었습니다.
[2026-06-15 10:24:07] 기록 저장 완료 name=정주하 total=23 today=23
[2026-06-15 10:24:08] 대상 완료 name=정주하 total=23/300 today=23/300
[2026-06-15 10:24:08] 신규 대상 시작 plan={'sex': '여자', 'day': '월수'}
[2026-06-15 10:24:13] 회원가입 시도 1/4
[2026-06-15 10:24:13] 회원가입 시작 sheet=BG plan={'sex': '여자', 'day': '월수'}
[2026-06-15 10:24:20] 회원가입 폼 진입 완료
[2026-06-15 10:24:24] 우편번호 검색 query=대구 북구 학남로 60
[2026-06-15 10:24:25] 우편번호 입력 완료 zip=41417 addr=대구 북구 학남로 60 (학정동, 칠곡7주공아파트)
[2026-06-15 10:24:26] 회원가입 제출 클릭 name=성지희 id=gratituderea17a school=대구학남초등학교
[2026-06-15 10:24:27] 회원가입 알림 name=성지희 id=gratituderea17a message=회원 가입하시겠습니까?
[2026-06-15 10:24:28] 회원가입 알림 name=성지희 id=gratituderea17a message=회원 가입에 감사드립니다.
[2026-06-15 10:24:39] 회원가입 검증 완료 name=성지희 day=월수 dialogs=['회원 가입하시겠습니까?', '회원 가입에 감사드립니다.']
[2026-06-15 10:24:39] 수강신청 시도 1 name=성지희 id=gratituderea17a
[2026-06-15 10:24:39] 수강신청 시작 name=성지희 sheet=BG day=월수
[2026-06-15 10:24:47] BG 과정 선택 완료 day=월수 course_id=3_29 label='' week_filter=False
[2026-06-15 10:24:47] 수강신청 요일 선택 완료 name=성지희 day=월수
[2026-06-15 10:24:49] 수강신청 1차 제출 완료 name=성지희
[2026-06-15 10:24:53] 수강신청 최종 제출 완료 name=성지희
성지희 신청 완료 / 총 24명, 오늘 24명 추가되었습니다.
[2026-06-15 10:24:54] 기록 저장 완료 name=성지희 total=24 today=24
[2026-06-15 10:24:56] 대상 완료 name=성지희 total=24/300 today=24/300
[2026-06-15 10:24:57] 신규 대상 시작 plan={'sex': '여자', 'day': '화목'}
[2026-06-15 10:25:00] 회원가입 시도 1/4
[2026-06-15 10:25:00] 회원가입 시작 sheet=BG plan={'sex': '여자', 'day': '화목'}
[2026-06-15 10:25:16] 회원가입 폼 진입 완료
[2026-06-15 10:25:23] 우편번호 검색 query=대구 북구 매전로 50-42
[2026-06-15 10:25:35] 우편번호 검색 query=대구 북구 매전로 50-42
[2026-06-15 10:25:36] 우편번호 검색 실패 query=대구 북구 매전로 50-42 error=Error('Locator.count: Execution context was destroyed, most likely because of a navigation')
[2026-06-15 10:25:37] 우편번호 검색 query=대구관문초등학교
[2026-06-15 10:25:38] 우편번호 입력 완료 zip=41487 addr=대구 북구 매전로 32 (매천동, 대구관문초등학교)
[2026-06-15 10:25:38] 회원가입 제출 클릭 name=권정아 id=motivatorgil530 school=대구관문초등학교
[2026-06-15 10:25:39] 회원가입 알림 name=권정아 id=motivatorgil530 message=회원 가입하시겠습니까?
[2026-06-15 10:25:40] 회원가입 알림 name=권정아 id=motivatorgil530 message=회원 가입에 감사드립니다.
[2026-06-15 10:25:51] 회원가입 검증 완료 name=권정아 day=화목 dialogs=['회원 가입하시겠습니까?', '회원 가입에 감사드립니다.']
[2026-06-15 10:25:51] 수강신청 시도 1 name=권정아 id=motivatorgil530
[2026-06-15 10:25:51] 수강신청 시작 name=권정아 sheet=BG day=화목
[2026-06-15 10:25:58] BG 과정 선택 완료 day=화목 course_id=4_30 label='' week_filter=False
[2026-06-15 10:25:58] 수강신청 요일 선택 완료 name=권정아 day=화목
[2026-06-15 10:26:01] 수강신청 1차 제출 완료 name=권정아
[2026-06-15 10:26:05] 수강신청 최종 제출 완료 name=권정아
권정아 신청 완료 / 총 25명, 오늘 25명 추가되었습니다.
[2026-06-15 10:26:07] 기록 저장 완료 name=권정아 total=25 today=25
[2026-06-15 10:26:19] 대상 완료 name=권정아 total=25/300 today=25/300
[2026-06-15 10:26:19] 신규 대상 시작 plan={'sex': '여자', 'day': '화목'}
[2026-06-15 10:26:27] 회원가입 시도 1/4
[2026-06-15 10:26:27] 회원가입 시작 sheet=BG plan={'sex': '여자', 'day': '화목'}
[2026-06-15 10:26:35] 회원가입 폼 진입 완료
[2026-06-15 10:26:37] 우편번호 검색 query=대구 북구 매전로4길 31
[2026-06-15 10:26:38] 우편번호 검색 실패 query=대구 북구 매전로4길 31 error=Error('Locator.count: Execution context was destroyed, most likely because of a navigation')
[2026-06-15 10:26:39] 우편번호 검색 query=대구 북구 매전로4길 31
[2026-06-15 10:26:41] 우편번호 입력 완료 zip=41487 addr=대구 북구 매전로4길 31 (매천동, 한신더휴 이스턴 팰리스)
[2026-06-15 10:26:41] 회원가입 제출 클릭 name=장수정 id=motivatorsum72v school=대구관문초등학교
[2026-06-15 10:26:42] 회원가입 알림 name=장수정 id=motivatorsum72v message=회원 가입하시겠습니까?
[2026-06-15 10:26:43] 회원가입 알림 name=장수정 id=motivatorsum72v message=회원 가입에 감사드립니다.
[2026-06-15 10:26:53] 회원가입 검증 완료 name=장수정 day=화목 dialogs=['회원 가입하시겠습니까?', '회원 가입에 감사드립니다.']
[2026-06-15 10:26:53] 수강신청 시도 1 name=장수정 id=motivatorsum72v
[2026-06-15 10:26:53] 수강신청 시작 name=장수정 sheet=BG day=화목
[2026-06-15 10:27:00] BG 과정 선택 완료 day=화목 course_id=4_30 label='' week_filter=False
[2026-06-15 10:27:00] 수강신청 요일 선택 완료 name=장수정 day=화목
[2026-06-15 10:27:02] 수강신청 1차 제출 완료 name=장수정
[2026-06-15 10:27:06] 수강신청 최종 제출 완료 name=장수정
장수정 신청 완료 / 총 26명, 오늘 26명 추가되었습니다.
[2026-06-15 10:27:06] 기록 저장 완료 name=장수정 total=26 today=26
[2026-06-15 10:27:08] 대상 완료 name=장수정 total=26/300 today=26/300
[2026-06-15 10:27:08] 신규 대상 시작 plan={'sex': '남자', 'day': '화목'}
[2026-06-15 10:27:11] 회원가입 시도 1/4
[2026-06-15 10:27:11] 회원가입 시작 sheet=BG plan={'sex': '남자', 'day': '화목'}
[2026-06-15 10:27:18] 회원가입 폼 진입 완료
[2026-06-15 10:27:22] 우편번호 검색 query=대구 북구 동천로 97
[2026-06-15 10:27:23] 우편번호 입력 완료 zip=41426 addr=대구 북구 동천로 97 (동천동, 영남네오빌 아트)
[2026-06-15 10:27:24] 회원가입 제출 클릭 name=김지환 id=ghostingmega180 school=대구운암초등학교
[2026-06-15 10:27:25] 회원가입 알림 name=김지환 id=ghostingmega180 message=회원 가입하시겠습니까?
[2026-06-15 10:27:26] 회원가입 알림 name=김지환 id=ghostingmega180 message=회원 가입에 감사드립니다.
[2026-06-15 10:27:35] 회원가입 검증 완료 name=김지환 day=화목 dialogs=['회원 가입하시겠습니까?', '회원 가입에 감사드립니다.']
[2026-06-15 10:27:35] 수강신청 시도 1 name=김지환 id=ghostingmega180
[2026-06-15 10:27:35] 수강신청 시작 name=김지환 sheet=BG day=화목
[2026-06-15 10:27:44] BG 과정 선택 완료 day=화목 course_id=4_30 label='' week_filter=False
[2026-06-15 10:27:44] 수강신청 요일 선택 완료 name=김지환 day=화목
[2026-06-15 10:27:48] 수강신청 1차 제출 완료 name=김지환
[2026-06-15 10:27:54] 수강신청 최종 제출 완료 name=김지환
김지환 신청 완료 / 총 27명, 오늘 27명 추가되었습니다.
[2026-06-15 10:27:56] 기록 저장 완료 name=김지환 total=27 today=27
[2026-06-15 10:28:12] 대상 완료 name=김지환 total=27/300 today=27/300
[2026-06-15 10:28:12] 신규 대상 시작 plan={'sex': '여자', 'day': '화목'}
[2026-06-15 10:28:26] 회원가입 시도 1/4
[2026-06-15 10:28:26] 회원가입 시작 sheet=BG plan={'sex': '여자', 'day': '화목'}
[2026-06-15 10:28:45] 회원가입 폼 진입 완료
[2026-06-15 10:28:51] 우편번호 검색 query=대구 북구 연경중앙로 55
[2026-06-15 10:28:53] 우편번호 입력 완료 zip=41409 addr=대구 북구 연경중앙로 55 (연경동, 대구연경 연경숲)
[2026-06-15 10:28:54] 회원가입 제출 클릭 name=신여름 id=motivationcw652 school=대구연경초등학교
[2026-06-15 10:28:56] 회원가입 알림 name=신여름 id=motivationcw652 message=회원 가입하시겠습니까?
[2026-06-15 10:28:58] 회원가입 알림 name=신여름 id=motivationcw652 message=회원 가입에 감사드립니다.
[2026-06-15 10:29:11] 회원가입 검증 완료 name=신여름 day=화목 dialogs=['회원 가입하시겠습니까?', '회원 가입에 감사드립니다.']
[2026-06-15 10:29:11] 수강신청 시도 1 name=신여름 id=motivationcw652
[2026-06-15 10:29:11] 수강신청 시작 name=신여름 sheet=BG day=화목
[2026-06-15 10:29:20] BG 과정 선택 완료 day=화목 course_id=4_30 label='' week_filter=False
[2026-06-15 10:29:20] 수강신청 요일 선택 완료 name=신여름 day=화목
[2026-06-15 10:29:22] 수강신청 1차 제출 완료 name=신여름
[2026-06-15 10:29:33] 수강신청 최종 제출 완료 name=신여름
신여름 신청 완료 / 총 28명, 오늘 28명 추가되었습니다.
[2026-06-15 10:29:34] 기록 저장 완료 name=신여름 total=28 today=28
[2026-06-15 10:29:52] 대상 완료 name=신여름 total=28/300 today=28/300
[2026-06-15 10:29:52] 신규 대상 시작 plan={'sex': '여자', 'day': '화목'}
[2026-06-15 10:29:57] 회원가입 시도 1/4
[2026-06-15 10:29:57] 회원가입 시작 sheet=BG plan={'sex': '여자', 'day': '화목'}
[2026-06-15 10:30:09] 회원가입 폼 진입 완료
[2026-06-15 10:30:14] 우편번호 검색 query=대구 북구 공항로 16
[2026-06-15 10:30:27] 우편번호 검색 query=대구 북구 공항로 16
[2026-06-15 10:30:29] 우편번호 입력 완료 zip=41526 addr=대구 북구 공항로 16 (복현동, 복현자이)
[2026-06-15 10:30:30] 회원가입 제출 클릭 name=유예림 id=peacehistor5975 school=대구복현초등학교
[2026-06-15 10:30:31] 회원가입 알림 name=유예림 id=peacehistor5975 message=회원 가입하시겠습니까?
[2026-06-15 10:30:32] 회원가입 알림 name=유예림 id=peacehistor5975 message=회원 가입에 감사드립니다.
[2026-06-15 10:30:46] 회원가입 검증 완료 name=유예림 day=화목 dialogs=['회원 가입하시겠습니까?', '회원 가입에 감사드립니다.']
[2026-06-15 10:30:46] 수강신청 시도 1 name=유예림 id=peacehistor5975
[2026-06-15 10:30:46] 수강신청 시작 name=유예림 sheet=BG day=화목
[2026-06-15 10:30:53] BG 과정 선택 완료 day=화목 course_id=4_30 label='' week_filter=False
[2026-06-15 10:30:53] 수강신청 요일 선택 완료 name=유예림 day=화목
[2026-06-15 10:30:55] 수강신청 1차 제출 완료 name=유예림
[2026-06-15 10:31:01] 수강신청 최종 제출 완료 name=유예림
유예림 신청 완료 / 총 29명, 오늘 29명 추가되었습니다.
[2026-06-15 10:31:03] 기록 저장 완료 name=유예림 total=29 today=29
[2026-06-15 10:31:17] 대상 완료 name=유예림 total=29/300 today=29/300
[2026-06-15 10:31:17] 신규 대상 시작 plan={'sex': '여자', 'day': '화목'}
[2026-06-15 10:31:23] 회원가입 시도 1/4
[2026-06-15 10:31:23] 회원가입 시작 sheet=BG plan={'sex': '여자', 'day': '화목'}
[2026-06-15 10:31:33] 회원가입 폼 진입 완료
[2026-06-15 10:31:39] 우편번호 검색 query=대구 북구 동변로 55
[2026-06-15 10:31:52] 우편번호 검색 query=대구 북구 동변로 55
[2026-06-15 10:31:54] 우편번호 입력 완료 zip=41414 addr=대구 북구 동변로 55 (동변동, 대구동서변그린빌)
[2026-06-15 10:31:55] 회원가입 제출 클릭 name=류초아 id=nicefocuspio72g school=대구동변초등학교
[2026-06-15 10:31:57] 회원가입 알림 name=류초아 id=nicefocuspio72g message=회원 가입하시겠습니까?
[2026-06-15 10:31:58] 회원가입 알림 name=류초아 id=nicefocuspio72g message=회원 가입에 감사드립니다.
[2026-06-15 10:32:07] 회원가입 검증 완료 name=류초아 day=화목 dialogs=['회원 가입하시겠습니까?', '회원 가입에 감사드립니다.']
[2026-06-15 10:32:07] 수강신청 시도 1 name=류초아 id=nicefocuspio72g
[2026-06-15 10:32:07] 수강신청 시작 name=류초아 sheet=BG day=화목
[2026-06-15 10:32:15] BG 과정 선택 완료 day=화목 course_id=4_30 label='' week_filter=False
[2026-06-15 10:32:15] 수강신청 요일 선택 완료 name=류초아 day=화목
[2026-06-15 10:32:17] 수강신청 1차 제출 완료 name=류초아
[2026-06-15 10:32:21] 수강신청 최종 제출 완료 name=류초아
류초아 신청 완료 / 총 30명, 오늘 30명 추가되었습니다.
[2026-06-15 10:32:22] 기록 저장 완료 name=류초아 total=30 today=30
[2026-06-15 10:32:55] 대상 완료 name=류초아 total=30/300 today=30/300
[2026-06-15 10:32:55] 신규 대상 시작 plan={'sex': '여자', 'day': '월수'}
[2026-06-15 10:33:02] 회원가입 시도 1/4
[2026-06-15 10:33:02] 회원가입 시작 sheet=BG plan={'sex': '여자', 'day': '월수'}
[2026-06-15 10:33:13] 회원가입 폼 진입 완료
[2026-06-15 10:33:18] 우편번호 검색 query=대구 북구 칠성남로 101
[2026-06-15 10:33:19] 우편번호 검색 실패 query=대구 북구 칠성남로 101 error=Error('Locator.count: Execution context was destroyed, most likely because of a navigation')
[2026-06-15 10:33:20] 우편번호 검색 query=대구 북구 칠성남로 101
[2026-06-15 10:33:28] 우편번호 검색 query=대구칠성초등학교
[2026-06-15 10:33:39] 우편번호 검색 query=대구칠성초등학교
[2026-06-15 10:33:41] 우편번호 입력 완료 zip=41578 addr=대구 북구 칠성시장로23길 55 (칠성동2가, 대구옥산초등학교)
[2026-06-15 10:33:42] 회원가입 제출 클릭 name=문나희 id=gamingbossv809 school=대구칠성초등학교
[2026-06-15 10:33:45] 회원가입 알림 name=문나희 id=gamingbossv809 message=회원 가입하시겠습니까?
[2026-06-15 10:33:47] 회원가입 알림 name=문나희 id=gamingbossv809 message=회원 가입에 감사드립니다.
[2026-06-15 10:33:57] 회원가입 검증 완료 name=문나희 day=월수 dialogs=['회원 가입하시겠습니까?', '회원 가입에 감사드립니다.']
[2026-06-15 10:33:57] 수강신청 시도 1 name=문나희 id=gamingbossv809
[2026-06-15 10:33:57] 수강신청 시작 name=문나희 sheet=BG day=월수
[2026-06-15 10:34:11] BG 과정 선택 완료 day=월수 course_id=3_29 label='' week_filter=False
[2026-06-15 10:34:11] 수강신청 요일 선택 완료 name=문나희 day=월수
[2026-06-15 10:34:13] 수강신청 1차 제출 완료 name=문나희
[2026-06-15 10:34:18] 수강신청 최종 제출 완료 name=문나희
문나희 신청 완료 / 총 31명, 오늘 31명 추가되었습니다.
[2026-06-15 10:34:20] 기록 저장 완료 name=문나희 total=31 today=31
