[2026-06-15 10:53:12] 현황 저장 시트 결정: BG + 1기 -> BG1
[2026-06-15 10:53:12] 동작 시작 sheet=BG total=31/200 today=31 active=9:00-21:00
[2026-06-15 10:53:19] 다음 가입 예약: 2026-06-15 11:03:44까지 대기
[2026-06-15 11:03:44] 신규 대상 시작 plan={'sex': '남자', 'day': '화목'}
[2026-06-15 11:03:48] 회원가입 시도 1/4
[2026-06-15 11:03:48] 회원가입 시작 sheet=BG plan={'sex': '남자', 'day': '화목'}
[2026-06-15 11:03:56] 회원가입 폼 진입 완료
[2026-06-15 11:04:02] 우편번호 검색 query=대구 북구 학정로110길 29
[2026-06-15 11:04:04] 우편번호 입력 완료 zip=41415 addr=대구 북구 학정로110길 29 (학정동, 학정청아람)
[2026-06-15 11:04:05] 회원가입 제출 클릭 name=정태인 id=fashionistas81o school=대구학정초등학교
[2026-06-15 11:04:06] 회원가입 알림 name=정태인 id=fashionistas81o message=회원 가입하시겠습니까?
[2026-06-15 11:04:07] 회원가입 알림 name=정태인 id=fashionistas81o message=회원 가입하시겠습니까?
[2026-06-15 11:04:08] 회원가입 알림 name=정태인 id=fashionistas81o message=회원 가입에 감사드립니다.
[2026-06-15 11:04:18] 회원가입 검증 완료 name=정태인 day=화목 dialogs=['회원 가입하시겠습니까?', '회원 가입하시겠습니까?', '회원 가입에 감사드립니다.']
[2026-06-15 11:04:18] 수강신청 시도 1 name=정태인 id=fashionistas81o
[2026-06-15 11:04:18] 수강신청 시작 name=정태인 sheet=BG day=화목
[2026-06-15 11:04:25] BG 과정 선택 완료 day=화목 course_id=4_30 label='' week_filter=False
[2026-06-15 11:04:25] 수강신청 요일 선택 완료 name=정태인 day=화목
[2026-06-15 11:04:28] 수강신청 1차 제출 완료 name=정태인
[2026-06-15 11:04:33] 수강신청 최종 제출 완료 name=정태인
정태인 신청 완료 / 총 32명, 오늘 32명 추가되었습니다.
[2026-06-15 11:04:33] 기록 저장 완료 name=정태인 total=32 today=32
[2026-06-15 11:04:36] 대상 완료 name=정태인 total=32/200 today=32/72
[2026-06-15 11:04:37] 오늘 목표 설정: 89명
[2026-06-15 11:04:38] 다음 가입 예약: 2026-06-15 11:12:04까지 대기
[2026-06-15 11:12:04] 신규 대상 시작 plan={'sex': '여자', 'day': '월수'}
[2026-06-15 11:12:08] 회원가입 시도 1/4
[2026-06-15 11:12:08] 회원가입 시작 sheet=BG plan={'sex': '여자', 'day': '월수'}
[2026-06-15 11:12:18] 회원가입 폼 진입 완료
[2026-06-15 11:12:23] 우편번호 검색 query=대구 북구 연경중앙로11길 19
[2026-06-15 11:12:23] 우편번호 검색 실패 query=대구 북구 연경중앙로11길 19 error=Error('Locator.count: Execution context was destroyed, most likely because of a navigation')
[2026-06-15 11:12:24] 우편번호 검색 query=대구 북구 연경중앙로11길 19
[2026-06-15 11:12:24] 우편번호 입력 완료 zip=41409 addr=대구 북구 연경중앙로11길 19 (연경동)
[2026-06-15 11:12:26] 회원가입 제출 클릭 name=황보아 id=iyeseoxoxski89j school=대구연경초등학교
[2026-06-15 11:12:27] 회원가입 알림 name=황보아 id=iyeseoxoxski89j message=회원 가입하시겠습니까?
[2026-06-15 11:12:27] 회원가입 알림 name=황보아 id=iyeseoxoxski89j message=회원 가입에 감사드립니다.
[2026-06-15 11:12:37] 회원가입 검증 완료 name=황보아 day=월수 dialogs=['회원 가입하시겠습니까?', '회원 가입에 감사드립니다.']
[2026-06-15 11:12:37] 수강신청 시도 1 name=황보아 id=iyeseoxoxski89j
[2026-06-15 11:12:37] 수강신청 시작 name=황보아 sheet=BG day=월수
[2026-06-15 11:12:44] BG 과정 선택 완료 day=월수 course_id=3_29 label='' week_filter=False
[2026-06-15 11:12:44] 수강신청 요일 선택 완료 name=황보아 day=월수
[2026-06-15 11:12:46] 수강신청 1차 제출 완료 name=황보아
[2026-06-15 11:12:49] 수강신청 최종 제출 완료 name=황보아
황보아 신청 완료 / 총 33명, 오늘 33명 추가되었습니다.
[2026-06-15 11:12:49] 기록 저장 완료 name=황보아 total=33 today=33
[2026-06-15 11:12:50] 대상 완료 name=황보아 total=33/250 today=33/89
[2026-06-15 11:12:52] 다음 가입 예약: 2026-06-15 11:22:30까지 대기
[2026-06-15 11:22:30] 신규 대상 시작 plan={'sex': '여자', 'day': '월수'}
[2026-06-15 11:22:32] 회원가입 시도 1/4
[2026-06-15 11:22:32] 회원가입 시작 sheet=BG plan={'sex': '여자', 'day': '월수'}
[2026-06-15 11:22:37] 회원가입 폼 진입 완료
[2026-06-15 11:22:40] 우편번호 검색 query=대구 북구 동변로 50
[2026-06-15 11:22:52] 우편번호 검색 query=대구 북구 동변로 50
[2026-06-15 11:22:53] 우편번호 입력 완료 zip=41414 addr=대구 북구 동변로 50 (동변동, 유니버시아드선수촌)
[2026-06-15 11:22:54] 회원가입 제출 클릭 name=윤서안 id=basketballbo445 school=대구동변초등학교
[2026-06-15 11:22:54] 회원가입 알림 name=윤서안 id=basketballbo445 message=회원 가입하시겠습니까?
[2026-06-15 11:22:55] 회원가입 알림 name=윤서안 id=basketballbo445 message=회원 가입에 감사드립니다.
[2026-06-15 11:23:05] 회원가입 검증 완료 name=윤서안 day=월수 dialogs=['회원 가입하시겠습니까?', '회원 가입에 감사드립니다.']
[2026-06-15 11:23:05] 수강신청 시도 1 name=윤서안 id=basketballbo445
[2026-06-15 11:23:05] 수강신청 시작 name=윤서안 sheet=BG day=월수
[2026-06-15 11:23:12] BG 과정 선택 완료 day=월수 course_id=3_29 label='' week_filter=False
[2026-06-15 11:23:12] 수강신청 요일 선택 완료 name=윤서안 day=월수
[2026-06-15 11:23:14] 수강신청 1차 제출 완료 name=윤서안
[2026-06-15 11:23:17] 수강신청 최종 제출 완료 name=윤서안
윤서안 신청 완료 / 총 34명, 오늘 34명 추가되었습니다.
[2026-06-15 11:23:17] 기록 저장 완료 name=윤서안 total=34 today=34
[2026-06-15 11:23:19] 대상 완료 name=윤서안 total=34/250 today=34/89
[2026-06-15 11:23:20] 다음 가입 예약: 2026-06-15 11:31:33까지 대기
[2026-06-15 11:31:33] 신규 대상 시작 plan={'sex': '남자', 'day': '화목'}
[2026-06-15 11:31:35] 회원가입 시도 1/4
[2026-06-15 11:31:35] 회원가입 시작 sheet=BG plan={'sex': '남자', 'day': '화목'}
[2026-06-15 11:31:40] 회원가입 폼 진입 완료
[2026-06-15 11:31:42] 우편번호 검색 query=대구 북구 호암로 20
[2026-06-15 11:31:44] 우편번호 입력 완료 zip=41586 addr=대구 북구 호암로 20 (칠성동2가, 성광우방타운)
[2026-06-15 11:31:44] 회원가입 제출 클릭 name=오아인 id=shookinnova5552 school=대구칠성초등학교
[2026-06-15 11:31:45] 회원가입 알림 name=오아인 id=shookinnova5552 message=회원 가입하시겠습니까?
[2026-06-15 11:31:45] 회원가입 알림 name=오아인 id=shookinnova5552 message=회원 가입하시겠습니까?
[2026-06-15 11:31:45] 회원가입 알림 name=오아인 id=shookinnova5552 message=회원 가입에 감사드립니다.
[2026-06-15 11:31:55] 회원가입 검증 완료 name=오아인 day=화목 dialogs=['회원 가입하시겠습니까?', '회원 가입하시겠습니까?', '회원 가입에 감사드립니다.']
[2026-06-15 11:31:55] 수강신청 시도 1 name=오아인 id=shookinnova5552
[2026-06-15 11:31:55] 수강신청 시작 name=오아인 sheet=BG day=화목
[2026-06-15 11:32:02] BG 과정 선택 완료 day=화목 course_id=4_30 label='' week_filter=False
[2026-06-15 11:32:02] 수강신청 요일 선택 완료 name=오아인 day=화목
[2026-06-15 11:32:04] 수강신청 1차 제출 완료 name=오아인
[2026-06-15 11:32:08] 수강신청 최종 제출 완료 name=오아인
오아인 신청 완료 / 총 35명, 오늘 35명 추가되었습니다.
[2026-06-15 11:32:09] 기록 저장 완료 name=오아인 total=35 today=35
[2026-06-15 11:32:12] 대상 완료 name=오아인 total=35/250 today=35/89
[2026-06-15 11:32:15] 다음 가입 예약: 2026-06-15 11:42:23까지 대기
[2026-06-15 11:42:23] 신규 대상 시작 plan={'sex': '남자', 'day': '화목'}
[2026-06-15 11:42:25] 회원가입 시도 1/4
[2026-06-15 11:42:25] 회원가입 시작 sheet=BG plan={'sex': '남자', 'day': '화목'}
[2026-06-15 11:42:30] 회원가입 폼 진입 완료
[2026-06-15 11:42:33] 우편번호 검색 query=대구 북구 동천로 156
[2026-06-15 11:42:34] 우편번호 입력 완료 zip=41421 addr=대구 북구 동천로 156 (동천동, 동화골든빌)
[2026-06-15 11:42:35] 회원가입 제출 클릭 name=윤혜준 id=hobbiesrespm473 school=대구태암초등학교
[2026-06-15 11:42:36] 회원가입 알림 name=윤혜준 id=hobbiesrespm473 message=회원 가입하시겠습니까?
[2026-06-15 11:42:36] 회원가입 알림 name=윤혜준 id=hobbiesrespm473 message=회원 가입에 감사드립니다.
[2026-06-15 11:42:46] 회원가입 검증 완료 name=윤혜준 day=화목 dialogs=['회원 가입하시겠습니까?', '회원 가입에 감사드립니다.']
[2026-06-15 11:42:46] 수강신청 시도 1 name=윤혜준 id=hobbiesrespm473
[2026-06-15 11:42:46] 수강신청 시작 name=윤혜준 sheet=BG day=화목
[2026-06-15 11:42:53] BG 과정 선택 완료 day=화목 course_id=4_30 label='' week_filter=False
[2026-06-15 11:42:53] 수강신청 요일 선택 완료 name=윤혜준 day=화목
[2026-06-15 11:42:55] 수강신청 1차 제출 완료 name=윤혜준
[2026-06-15 11:42:58] 수강신청 최종 제출 완료 name=윤혜준
윤혜준 신청 완료 / 총 36명, 오늘 36명 추가되었습니다.
[2026-06-15 11:42:58] 기록 저장 완료 name=윤혜준 total=36 today=36
[2026-06-15 11:43:00] 대상 완료 name=윤혜준 total=36/250 today=36/89
[2026-06-15 11:43:01] 다음 가입 예약: 2026-06-15 11:49:28까지 대기
[2026-06-15 11:49:28] 신규 대상 시작 plan={'sex': '여자', 'day': '화목'}
[2026-06-15 11:49:30] 회원가입 시도 1/4
[2026-06-15 11:49:30] 회원가입 시작 sheet=BG plan={'sex': '여자', 'day': '화목'}
[2026-06-15 11:49:36] 회원가입 폼 진입 완료
[2026-06-15 11:49:38] 우편번호 검색 query=대구 북구 읍내동 794
[2026-06-15 11:49:39] 우편번호 입력 완료 zip=41433 addr=대구 북구 칠곡중앙대로110길 5 (읍내동, 대구칠곡초등학교)
[2026-06-15 11:49:40] 회원가입 제출 클릭 name=서나겸 id=moderatorres12q school=대구칠곡초등학교
[2026-06-15 11:49:40] 회원가입 알림 name=서나겸 id=moderatorres12q message=회원 가입하시겠습니까?
[2026-06-15 11:49:41] 회원가입 알림 name=서나겸 id=moderatorres12q message=회원 가입하시겠습니까?
[2026-06-15 11:49:41] 회원가입 알림 name=서나겸 id=moderatorres12q message=회원 가입에 감사드립니다.
[2026-06-15 11:49:50] 회원가입 검증 완료 name=서나겸 day=화목 dialogs=['회원 가입하시겠습니까?', '회원 가입하시겠습니까?', '회원 가입에 감사드립니다.']
[2026-06-15 11:49:50] 수강신청 시도 1 name=서나겸 id=moderatorres12q
[2026-06-15 11:49:50] 수강신청 시작 name=서나겸 sheet=BG day=화목
[2026-06-15 11:49:57] BG 과정 선택 완료 day=화목 course_id=4_30 label='' week_filter=False
[2026-06-15 11:49:57] 수강신청 요일 선택 완료 name=서나겸 day=화목
[2026-06-15 11:49:59] 수강신청 1차 제출 완료 name=서나겸
[2026-06-15 11:50:03] 수강신청 최종 제출 완료 name=서나겸
서나겸 신청 완료 / 총 37명, 오늘 37명 추가되었습니다.
[2026-06-15 11:50:03] 기록 저장 완료 name=서나겸 total=37 today=37
[2026-06-15 11:50:05] 대상 완료 name=서나겸 total=37/250 today=37/89
[2026-06-15 11:50:08] 다음 가입 예약: 2026-06-15 12:04:04까지 대기
[2026-06-15 12:04:04] 신규 대상 시작 plan={'sex': '남자', 'day': '월수'}
[2026-06-15 12:04:07] 회원가입 시도 1/4
[2026-06-15 12:04:07] 회원가입 시작 sheet=BG plan={'sex': '남자', 'day': '월수'}
[2026-06-15 12:04:14] 회원가입 폼 진입 완료
[2026-06-15 12:04:18] 우편번호 검색 query=대구 북구 국우동 1079
[2026-06-15 12:04:20] 우편번호 입력 완료 zip=41420 addr=대구 북구 학정동로 7 (국우동, 부영아파트)
[2026-06-15 12:04:21] 회원가입 제출 클릭 name=조루다 id=communityred616 school=대구태암초등학교
[2026-06-15 12:04:21] 회원가입 알림 name=조루다 id=communityred616 message=회원 가입하시겠습니까?
[2026-06-15 12:04:22] 회원가입 알림 name=조루다 id=communityred616 message=회원 가입하시겠습니까?
[2026-06-15 12:04:22] 회원가입 알림 name=조루다 id=communityred616 message=회원 가입에 감사드립니다.
[2026-06-15 12:04:33] 회원가입 검증 완료 name=조루다 day=월수 dialogs=['회원 가입하시겠습니까?', '회원 가입하시겠습니까?', '회원 가입에 감사드립니다.']
[2026-06-15 12:04:33] 수강신청 시도 1 name=조루다 id=communityred616
[2026-06-15 12:04:33] 수강신청 시작 name=조루다 sheet=BG day=월수
[2026-06-15 12:04:41] BG 과정 선택 완료 day=월수 course_id=3_29 label='' week_filter=False
[2026-06-15 12:04:41] 수강신청 요일 선택 완료 name=조루다 day=월수
[2026-06-15 12:04:43] 수강신청 1차 제출 완료 name=조루다
[2026-06-15 12:04:47] 수강신청 최종 제출 완료 name=조루다
조루다 신청 완료 / 총 38명, 오늘 38명 추가되었습니다.
[2026-06-15 12:04:48] 기록 저장 완료 name=조루다 total=38 today=38
[2026-06-15 12:04:50] 대상 완료 name=조루다 total=38/250 today=38/89
[2026-06-15 12:04:51] 다음 가입 예약: 2026-06-15 12:09:30까지 대기
[2026-06-15 12:09:30] 신규 대상 시작 plan={'sex': '여자', 'day': '화목'}
[2026-06-15 12:09:32] 회원가입 시도 1/4
[2026-06-15 12:09:32] 회원가입 시작 sheet=BG plan={'sex': '여자', 'day': '화목'}
[2026-06-15 12:09:37] 회원가입 폼 진입 완료
[2026-06-15 12:09:39] 우편번호 검색 query=대구 북구 학정동로 40
[2026-06-15 12:09:40] 우편번호 입력 완료 zip=41417 addr=대구 북구 학정동로 40 (학정동, 칠곡2차 한라하우젠트)
[2026-06-15 12:09:41] 회원가입 제출 클릭 name=강해나 id=coolsoccer84h school=대구칠곡초등학교
[2026-06-15 12:09:42] 회원가입 알림 name=강해나 id=coolsoccer84h message=회원 가입하시겠습니까?
[2026-06-15 12:09:42] 회원가입 알림 name=강해나 id=coolsoccer84h message=회원 가입하시겠습니까?
[2026-06-15 12:09:42] 회원가입 알림 name=강해나 id=coolsoccer84h message=회원 가입에 감사드립니다.
[2026-06-15 12:09:52] 회원가입 검증 완료 name=강해나 day=화목 dialogs=['회원 가입하시겠습니까?', '회원 가입하시겠습니까?', '회원 가입에 감사드립니다.']
[2026-06-15 12:09:52] 수강신청 시도 1 name=강해나 id=coolsoccer84h
[2026-06-15 12:09:52] 수강신청 시작 name=강해나 sheet=BG day=화목
[2026-06-15 12:09:59] BG 과정 선택 완료 day=화목 course_id=4_30 label='' week_filter=False
[2026-06-15 12:09:59] 수강신청 요일 선택 완료 name=강해나 day=화목
[2026-06-15 12:10:00] 수강신청 1차 제출 완료 name=강해나
[2026-06-15 12:10:04] 수강신청 최종 제출 완료 name=강해나
강해나 신청 완료 / 총 39명, 오늘 39명 추가되었습니다.
[2026-06-15 12:10:05] 기록 저장 완료 name=강해나 total=39 today=39
[2026-06-15 12:10:06] 대상 완료 name=강해나 total=39/250 today=39/89
[2026-06-15 12:10:09] 다음 가입 예약: 2026-06-15 12:21:32까지 대기
[2026-06-15 12:21:32] 신규 대상 시작 plan={'sex': '여자', 'day': '월수'}
[2026-06-15 12:21:34] 회원가입 시도 1/4
[2026-06-15 12:21:34] 회원가입 시작 sheet=BG plan={'sex': '여자', 'day': '월수'}
[2026-06-15 12:21:39] 회원가입 폼 진입 완료
[2026-06-15 12:21:41] 우편번호 검색 query=대구 북구 대천로 101
[2026-06-15 12:21:42] 우편번호 입력 완료 zip=41427 addr=대구 북구 대천로 101 (동천동, 칠곡3차화성타운)
[2026-06-15 12:21:43] 회원가입 제출 클릭 name=양미소 id=dancelaught9611 school=대구운암초등학교
[2026-06-15 12:21:43] 회원가입 알림 name=양미소 id=dancelaught9611 message=회원 가입하시겠습니까?
[2026-06-15 12:21:44] 회원가입 알림 name=양미소 id=dancelaught9611 message=회원 가입하시겠습니까?
[2026-06-15 12:21:44] 회원가입 알림 name=양미소 id=dancelaught9611 message=회원 가입에 감사드립니다.
[2026-06-15 12:21:53] 회원가입 검증 완료 name=양미소 day=월수 dialogs=['회원 가입하시겠습니까?', '회원 가입하시겠습니까?', '회원 가입에 감사드립니다.']
[2026-06-15 12:21:53] 수강신청 시도 1 name=양미소 id=dancelaught9611
[2026-06-15 12:21:53] 수강신청 시작 name=양미소 sheet=BG day=월수
[2026-06-15 12:22:00] BG 과정 선택 완료 day=월수 course_id=3_29 label='' week_filter=False
[2026-06-15 12:22:00] 수강신청 요일 선택 완료 name=양미소 day=월수
[2026-06-15 12:22:02] 수강신청 1차 제출 완료 name=양미소
[2026-06-15 12:22:06] 수강신청 최종 제출 완료 name=양미소
양미소 신청 완료 / 총 40명, 오늘 40명 추가되었습니다.
[2026-06-15 12:22:07] 기록 저장 완료 name=양미소 total=40 today=40
[2026-06-15 12:22:10] 대상 완료 name=양미소 total=40/250 today=40/89
[2026-06-15 12:22:12] 다음 가입 예약: 2026-06-15 12:35:01까지 대기
[2026-06-15 12:35:01] 신규 대상 시작 plan={'sex': '여자', 'day': '화목'}
[2026-06-15 12:35:03] 회원가입 시도 1/4
[2026-06-15 12:35:03] 회원가입 시작 sheet=BG plan={'sex': '여자', 'day': '화목'}
[2026-06-15 12:35:08] 회원가입 폼 진입 완료
[2026-06-15 12:35:10] 우편번호 검색 query=대구 북구 대천로 101
[2026-06-15 12:35:10] 우편번호 검색 실패 query=대구 북구 대천로 101 error=Error('Locator.count: Execution context was destroyed, most likely because of a navigation')
[2026-06-15 12:35:11] 우편번호 검색 query=대구 북구 대천로 101
[2026-06-15 12:35:11] 우편번호 입력 완료 zip=41427 addr=대구 북구 대천로 101 (동천동, 칠곡3차화성타운)
[2026-06-15 12:35:12] 회원가입 제출 클릭 name=남유이 id=throwdownhon29o school=대구운암초등학교
[2026-06-15 12:35:13] 회원가입 알림 name=남유이 id=throwdownhon29o message=회원 가입하시겠습니까?
[2026-06-15 12:35:14] 회원가입 알림 name=남유이 id=throwdownhon29o message=회원 가입에 감사드립니다.
[2026-06-15 12:35:23] 회원가입 검증 완료 name=남유이 day=화목 dialogs=['회원 가입하시겠습니까?', '회원 가입에 감사드립니다.']
[2026-06-15 12:35:23] 수강신청 시도 1 name=남유이 id=throwdownhon29o
[2026-06-15 12:35:23] 수강신청 시작 name=남유이 sheet=BG day=화목
[2026-06-15 12:35:30] BG 과정 선택 완료 day=화목 course_id=4_30 label='' week_filter=False
[2026-06-15 12:35:30] 수강신청 요일 선택 완료 name=남유이 day=화목
[2026-06-15 12:35:32] 수강신청 1차 제출 완료 name=남유이
[2026-06-15 12:35:35] 수강신청 최종 제출 완료 name=남유이
남유이 신청 완료 / 총 41명, 오늘 41명 추가되었습니다.
[2026-06-15 12:35:36] 기록 저장 완료 name=남유이 total=41 today=41
[2026-06-15 12:35:37] 대상 완료 name=남유이 total=41/250 today=41/89
[2026-06-15 12:35:38] 다음 가입 예약: 2026-06-15 12:45:13까지 대기
[2026-06-15 12:45:13] 신규 대상 시작 plan={'sex': '남자', 'day': '월수'}
[2026-06-15 12:45:15] 회원가입 시도 1/4
[2026-06-15 12:45:15] 회원가입 시작 sheet=BG plan={'sex': '남자', 'day': '월수'}
[2026-06-15 12:45:20] 회원가입 폼 진입 완료
[2026-06-15 12:45:22] 우편번호 검색 query=대구 북구 동변로20길 20
[2026-06-15 12:45:23] 우편번호 입력 완료 zip=41412 addr=대구 북구 동변로20길 20 (동변동, 한성빌라)
[2026-06-15 12:45:24] 회원가입 제출 클릭 name=김인호 id=designergowh71l school=대구동변초등학교
[2026-06-15 12:45:24] 회원가입 알림 name=김인호 id=designergowh71l message=회원 가입하시겠습니까?
[2026-06-15 12:45:25] 회원가입 알림 name=김인호 id=designergowh71l message=회원 가입하시겠습니까?
[2026-06-15 12:45:25] 회원가입 알림 name=김인호 id=designergowh71l message=회원 가입에 감사드립니다.
[2026-06-15 12:45:34] 회원가입 검증 완료 name=김인호 day=월수 dialogs=['회원 가입하시겠습니까?', '회원 가입하시겠습니까?', '회원 가입에 감사드립니다.']
[2026-06-15 12:45:35] 수강신청 시도 1 name=김인호 id=designergowh71l
[2026-06-15 12:45:35] 수강신청 시작 name=김인호 sheet=BG day=월수
[2026-06-15 12:45:42] BG 과정 선택 완료 day=월수 course_id=3_29 label='' week_filter=False
[2026-06-15 12:45:42] 수강신청 요일 선택 완료 name=김인호 day=월수
[2026-06-15 12:45:43] 수강신청 1차 제출 완료 name=김인호
[2026-06-15 12:45:47] 수강신청 최종 제출 완료 name=김인호
김인호 신청 완료 / 총 42명, 오늘 42명 추가되었습니다.
[2026-06-15 12:45:47] 기록 저장 완료 name=김인호 total=42 today=42
[2026-06-15 12:45:48] 대상 완료 name=김인호 total=42/250 today=42/89
[2026-06-15 12:45:50] 다음 가입 예약: 2026-06-15 12:56:54까지 대기
[2026-06-15 12:56:54] 신규 대상 시작 plan={'sex': '여자', 'day': '화목'}
[2026-06-15 12:56:56] 회원가입 시도 1/4
[2026-06-15 12:56:56] 회원가입 시작 sheet=BG plan={'sex': '여자', 'day': '화목'}
[2026-06-15 12:57:01] 회원가입 폼 진입 완료
[2026-06-15 12:57:04] 우편번호 검색 query=대구 북구 동천로 156
[2026-06-15 12:57:05] 우편번호 입력 완료 zip=41421 addr=대구 북구 동천로 156 (동천동, 동화골든빌)
[2026-06-15 12:57:06] 회원가입 제출 클릭 name=김세이 id=btskidlife9712 school=대구운암초등학교
[2026-06-15 12:57:07] 회원가입 알림 name=김세이 id=btskidlife9712 message=회원 가입하시겠습니까?
[2026-06-15 12:57:07] 회원가입 알림 name=김세이 id=btskidlife9712 message=회원 가입에 감사드립니다.
[2026-06-15 12:57:17] 회원가입 검증 완료 name=김세이 day=화목 dialogs=['회원 가입하시겠습니까?', '회원 가입에 감사드립니다.']
[2026-06-15 12:57:17] 수강신청 시도 1 name=김세이 id=btskidlife9712
[2026-06-15 12:57:17] 수강신청 시작 name=김세이 sheet=BG day=화목
[2026-06-15 12:57:24] BG 과정 선택 완료 day=화목 course_id=4_30 label='' week_filter=False
[2026-06-15 12:57:24] 수강신청 요일 선택 완료 name=김세이 day=화목
[2026-06-15 12:57:26] 수강신청 1차 제출 완료 name=김세이
[2026-06-15 12:57:46] 수강신청 실패. 같은 계정으로 재시도 name=김세이 id=btskidlife9712 try=1 error=TimeoutError('Page.click: Timeout 20000ms exceeded.\nCall log:\n  - waiting for locator("input#cbAddress")\n    - locator resolved to <input id="cbAddress" type="checkbox" name="cbAddress"/>\n  - attempting click action\n    - waiting for element to be visible, enabled and stable\n    - element is visible, enabled and stable\n    - scrolling into view if needed\n    - done scrolling\n    - <div class="Q2">…</div> from <div id="modal">…</div> subtree intercepts pointer events\n  - retrying click action\n    - waiting for element to be visible, enabled and stable\n    - element is visible, enabled and stable\n    - scrolling into view if needed\n    - done scrolling\n    - <div id="modal">…</div> intercepts pointer events\n  - retrying click action\n    - waiting 20ms\n')
[2026-06-15 12:57:48] 수강신청 시도 2 name=김세이 id=btskidlife9712
[2026-06-15 12:57:48] 수강신청 시작 name=김세이 sheet=BG day=화목
[2026-06-15 12:57:49] 로그인 알림 id=btskidlife9712 message=미결제 강좌가 있습니다.

결제화면으로 이동합니다.
[2026-06-15 12:58:10] 수강신청 실패. 같은 계정으로 재시도 name=김세이 id=btskidlife9712 try=2 error=TimeoutError('Page.wait_for_selector: Timeout 15000ms exceeded.\nCall log:\n  - waiting for locator("input[name=\\"rdIDX\\"]")\n')
[2026-06-15 12:58:11] 회원가입 전 단계 실패. 0초 후 새 대상 재시도 plan={'sex': '여자', 'day': '화목'} error=RuntimeError('수강신청 최대 재시도 초과. 이 계정은 기록하지 않고 다음 대상으로 진행 name=김세이 id=btskidlife9712')
[2026-06-15 12:58:12] 다음 가입 예약: 2026-06-15 13:07:50까지 대기
[2026-06-15 13:07:50] 신규 대상 시작 plan={'sex': '여자', 'day': '화목'}
[2026-06-15 13:07:52] 회원가입 시도 1/4
[2026-06-15 13:07:52] 회원가입 시작 sheet=BG plan={'sex': '여자', 'day': '화목'}
[2026-06-15 13:07:57] 회원가입 폼 진입 완료
[2026-06-15 13:07:59] 우편번호 검색 query=대구 북구 동천로 156
[2026-06-15 13:08:00] 우편번호 입력 완료 zip=41421 addr=대구 북구 동천로 156 (동천동, 동화골든빌)
[2026-06-15 13:08:01] 회원가입 제출 클릭 name=류진서 id=tealegendb841 school=대구동평초등학교
[2026-06-15 13:08:02] 회원가입 알림 name=류진서 id=tealegendb841 message=회원 가입하시겠습니까?
[2026-06-15 13:08:02] 회원가입 알림 name=류진서 id=tealegendb841 message=회원 가입에 감사드립니다.
[2026-06-15 13:08:12] 회원가입 검증 완료 name=류진서 day=화목 dialogs=['회원 가입하시겠습니까?', '회원 가입에 감사드립니다.']
[2026-06-15 13:08:13] 수강신청 시도 1 name=류진서 id=tealegendb841
[2026-06-15 13:08:13] 수강신청 시작 name=류진서 sheet=BG day=화목
[2026-06-15 13:08:20] BG 과정 선택 완료 day=화목 course_id=4_30 label='' week_filter=False
[2026-06-15 13:08:20] 수강신청 요일 선택 완료 name=류진서 day=화목
[2026-06-15 13:08:23] 수강신청 1차 제출 완료 name=류진서
[2026-06-15 13:08:26] 수강신청 최종 제출 완료 name=류진서
류진서 신청 완료 / 총 43명, 오늘 43명 추가되었습니다.
[2026-06-15 13:08:26] 기록 저장 완료 name=류진서 total=43 today=43
[2026-06-15 13:08:28] 대상 완료 name=류진서 total=43/250 today=43/89
[2026-06-15 13:08:30] 다음 가입 예약: 2026-06-15 13:13:41까지 대기
[2026-06-15 13:13:41] 신규 대상 시작 plan={'sex': '남자', 'day': '월수'}
[2026-06-15 13:13:43] 회원가입 시도 1/4
[2026-06-15 13:13:43] 회원가입 시작 sheet=BG plan={'sex': '남자', 'day': '월수'}
[2026-06-15 13:13:48] 회원가입 폼 진입 완료
[2026-06-15 13:13:51] 우편번호 검색 query=대구 북구 대천로 101
[2026-06-15 13:13:52] 우편번호 입력 완료 zip=41427 addr=대구 북구 대천로 101 (동천동, 칠곡3차화성타운)
[2026-06-15 13:13:52] 회원가입 제출 클릭 name=안든 id=linguistchef35p school=대구운암초등학교
[2026-06-15 13:13:53] 회원가입 알림 name=안든 id=linguistchef35p message=회원 가입하시겠습니까?
[2026-06-15 13:13:53] 회원가입 알림 name=안든 id=linguistchef35p message=회원 가입하시겠습니까?
[2026-06-15 13:13:54] 회원가입 알림 name=안든 id=linguistchef35p message=회원 가입에 감사드립니다.
[2026-06-15 13:14:03] 회원가입 검증 완료 name=안든 day=월수 dialogs=['회원 가입하시겠습니까?', '회원 가입하시겠습니까?', '회원 가입에 감사드립니다.']
[2026-06-15 13:14:03] 수강신청 시도 1 name=안든 id=linguistchef35p
[2026-06-15 13:14:03] 수강신청 시작 name=안든 sheet=BG day=월수
[2026-06-15 13:14:10] BG 과정 선택 완료 day=월수 course_id=3_29 label='' week_filter=False
[2026-06-15 13:14:10] 수강신청 요일 선택 완료 name=안든 day=월수
[2026-06-15 13:14:12] 수강신청 1차 제출 완료 name=안든
[2026-06-15 13:14:16] 수강신청 최종 제출 완료 name=안든
안든 신청 완료 / 총 44명, 오늘 44명 추가되었습니다.
[2026-06-15 13:14:17] 기록 저장 완료 name=안든 total=44 today=44
[2026-06-15 13:14:19] 대상 완료 name=안든 total=44/250 today=44/89
[2026-06-15 13:14:21] 다음 가입 예약: 2026-06-15 13:28:23까지 대기
[2026-06-15 13:28:23] 신규 대상 시작 plan={'sex': '여자', 'day': '화목'}
[2026-06-15 13:28:26] 회원가입 시도 1/4
[2026-06-15 13:28:26] 회원가입 시작 sheet=BG plan={'sex': '여자', 'day': '화목'}
[2026-06-15 13:28:31] 회원가입 폼 진입 완료
[2026-06-15 13:28:34] 우편번호 검색 query=대구 북구 대천로 101
[2026-06-15 13:28:36] 우편번호 입력 완료 zip=41427 addr=대구 북구 대천로 101 (동천동, 칠곡3차화성타운)
[2026-06-15 13:28:36] 회원가입 제출 클릭 name=심태린 id=marbleplanet82f school=대구운암초등학교
[2026-06-15 13:28:37] 회원가입 알림 name=심태린 id=marbleplanet82f message=회원 가입하시겠습니까?
[2026-06-15 13:28:37] 회원가입 알림 name=심태린 id=marbleplanet82f message=회원 가입에 감사드립니다.
[2026-06-15 13:28:47] 회원가입 검증 완료 name=심태린 day=화목 dialogs=['회원 가입하시겠습니까?', '회원 가입에 감사드립니다.']
[2026-06-15 13:28:47] 수강신청 시도 1 name=심태린 id=marbleplanet82f
[2026-06-15 13:28:47] 수강신청 시작 name=심태린 sheet=BG day=화목
[2026-06-15 13:28:54] BG 과정 선택 완료 day=화목 course_id=4_30 label='' week_filter=False
[2026-06-15 13:28:54] 수강신청 요일 선택 완료 name=심태린 day=화목
[2026-06-15 13:28:56] 수강신청 1차 제출 완료 name=심태린
[2026-06-15 13:28:59] 수강신청 최종 제출 완료 name=심태린
심태린 신청 완료 / 총 45명, 오늘 45명 추가되었습니다.
[2026-06-15 13:28:59] 기록 저장 완료 name=심태린 total=45 today=45
[2026-06-15 13:29:01] 대상 완료 name=심태린 total=45/250 today=45/89
[2026-06-15 13:29:03] 다음 가입 예약: 2026-06-15 13:32:52까지 대기
[2026-06-15 13:32:52] 신규 대상 시작 plan={'sex': '여자', 'day': '월수'}
[2026-06-15 13:32:54] 회원가입 시도 1/4
[2026-06-15 13:32:54] 회원가입 시작 sheet=BG plan={'sex': '여자', 'day': '월수'}
[2026-06-15 13:32:59] 회원가입 폼 진입 완료
[2026-06-15 13:33:01] 우편번호 검색 query=대구 북구 동변로 55
[2026-06-15 13:33:03] 우편번호 입력 완료 zip=41414 addr=대구 북구 동변로 55 (동변동, 대구동서변그린빌)
[2026-06-15 13:33:03] 회원가입 제출 클릭 name=이율희 id=ragerhongbly159 school=대구동변초등학교
[2026-06-15 13:33:04] 회원가입 알림 name=이율희 id=ragerhongbly159 message=회원 가입하시겠습니까?
[2026-06-15 13:33:04] 회원가입 알림 name=이율희 id=ragerhongbly159 message=회원 가입에 감사드립니다.
[2026-06-15 13:33:14] 회원가입 검증 완료 name=이율희 day=월수 dialogs=['회원 가입하시겠습니까?', '회원 가입에 감사드립니다.']
[2026-06-15 13:33:14] 수강신청 시도 1 name=이율희 id=ragerhongbly159
[2026-06-15 13:33:14] 수강신청 시작 name=이율희 sheet=BG day=월수
[2026-06-15 13:33:21] BG 과정 선택 완료 day=월수 course_id=3_29 label='' week_filter=False
[2026-06-15 13:33:21] 수강신청 요일 선택 완료 name=이율희 day=월수
[2026-06-15 13:33:23] 수강신청 1차 제출 완료 name=이율희
[2026-06-15 13:33:26] 수강신청 최종 제출 완료 name=이율희
이율희 신청 완료 / 총 46명, 오늘 46명 추가되었습니다.
[2026-06-15 13:33:27] 기록 저장 완료 name=이율희 total=46 today=46
[2026-06-15 13:33:28] 대상 완료 name=이율희 total=46/250 today=46/89
[2026-06-15 13:33:29] 다음 가입 예약: 2026-06-15 13:49:26까지 대기
[2026-06-15 13:49:26] 신규 대상 시작 plan={'sex': '여자', 'day': '월수'}
[2026-06-15 13:49:28] 회원가입 시도 1/4
[2026-06-15 13:49:28] 회원가입 시작 sheet=BG plan={'sex': '여자', 'day': '월수'}
[2026-06-15 13:49:33] 회원가입 폼 진입 완료
[2026-06-15 13:49:35] 우편번호 검색 query=대구 북구 구리로 254
[2026-06-15 13:49:36] 우편번호 입력 완료 zip=41418 addr=대구 북구 구리로 254 (국우동, 칠곡현대아파트)
[2026-06-15 13:49:37] 회원가입 제출 클릭 name=정소영 id=respectnego4419 school=대구도남초등학교
[2026-06-15 13:49:38] 회원가입 알림 name=정소영 id=respectnego4419 message=회원 가입하시겠습니까?
[2026-06-15 13:49:38] 회원가입 알림 name=정소영 id=respectnego4419 message=회원 가입하시겠습니까?
[2026-06-15 13:49:38] 회원가입 알림 name=정소영 id=respectnego4419 message=회원 가입에 감사드립니다.
[2026-06-15 13:49:48] 회원가입 검증 완료 name=정소영 day=월수 dialogs=['회원 가입하시겠습니까?', '회원 가입하시겠습니까?', '회원 가입에 감사드립니다.']
[2026-06-15 13:49:48] 수강신청 시도 1 name=정소영 id=respectnego4419
[2026-06-15 13:49:48] 수강신청 시작 name=정소영 sheet=BG day=월수
[2026-06-15 13:49:55] BG 과정 선택 완료 day=월수 course_id=3_29 label='' week_filter=False
[2026-06-15 13:49:55] 수강신청 요일 선택 완료 name=정소영 day=월수
[2026-06-15 13:49:57] 수강신청 1차 제출 완료 name=정소영
[2026-06-15 13:50:00] 수강신청 최종 제출 완료 name=정소영
정소영 신청 완료 / 총 47명, 오늘 47명 추가되었습니다.
[2026-06-15 13:50:00] 기록 저장 완료 name=정소영 total=47 today=47
[2026-06-15 13:50:02] 대상 완료 name=정소영 total=47/250 today=47/89
[2026-06-15 13:50:05] 다음 가입 예약: 2026-06-15 13:57:25까지 대기
[2026-06-15 13:57:25] 신규 대상 시작 plan={'sex': '남자', 'day': '화목'}
[2026-06-15 13:57:27] 회원가입 시도 1/4
[2026-06-15 13:57:27] 회원가입 시작 sheet=BG plan={'sex': '남자', 'day': '화목'}
[2026-06-15 13:57:32] 회원가입 폼 진입 완료
[2026-06-15 13:57:34] 우편번호 검색 query=대구 북구 학남로 60
[2026-06-15 13:57:35] 우편번호 입력 완료 zip=41417 addr=대구 북구 학남로 60 (학정동, 칠곡7주공아파트)
[2026-06-15 13:57:36] 회원가입 제출 클릭 name=박민준 id=mollyadventu723 school=대구태암초등학교
[2026-06-15 13:57:37] 회원가입 알림 name=박민준 id=mollyadventu723 message=회원 가입하시겠습니까?
[2026-06-15 13:57:37] 회원가입 알림 name=박민준 id=mollyadventu723 message=회원 가입에 감사드립니다.
[2026-06-15 13:57:47] 회원가입 검증 완료 name=박민준 day=화목 dialogs=['회원 가입하시겠습니까?', '회원 가입에 감사드립니다.']
[2026-06-15 13:57:47] 수강신청 시도 1 name=박민준 id=mollyadventu723
[2026-06-15 13:57:47] 수강신청 시작 name=박민준 sheet=BG day=화목
[2026-06-15 13:57:54] BG 과정 선택 완료 day=화목 course_id=4_30 label='' week_filter=False
[2026-06-15 13:57:54] 수강신청 요일 선택 완료 name=박민준 day=화목
[2026-06-15 13:57:56] 수강신청 1차 제출 완료 name=박민준
[2026-06-15 13:57:59] 수강신청 최종 제출 완료 name=박민준
박민준 신청 완료 / 총 48명, 오늘 48명 추가되었습니다.
[2026-06-15 13:57:59] 기록 저장 완료 name=박민준 total=48 today=48
[2026-06-15 13:58:01] 대상 완료 name=박민준 total=48/250 today=48/89
[2026-06-15 13:58:03] 다음 가입 예약: 2026-06-15 14:09:11까지 대기
[2026-06-15 14:09:11] 신규 대상 시작 plan={'sex': '여자', 'day': '월수'}
[2026-06-15 14:09:13] 회원가입 시도 1/4
[2026-06-15 14:09:13] 회원가입 시작 sheet=BG plan={'sex': '여자', 'day': '월수'}
[2026-06-15 14:09:18] 회원가입 폼 진입 완료
[2026-06-15 14:09:20] 우편번호 검색 query=대구 동구 동화천로 369
[2026-06-15 14:09:21] 주소 지역 불일치 query=대구 동구 동화천로 369 result=대구 동구 동화천로 369 (대구 연경 아이파크)
[2026-06-15 14:09:21] 우편번호 검색 query=대구 동구 동화천로 369
[2026-06-15 14:09:21] 주소 지역 불일치 query=대구 동구 동화천로 369 result=대구 동구 동화천로 369 (대구 연경 아이파크)
[2026-06-15 14:09:21] 우편번호 검색 query=대구연경초등학교
[2026-06-15 14:09:21] 주소 지역 불일치 query=대구연경초등학교 result=대구 동구 동화천로 369 (대구 연경 아이파크)
[2026-06-15 14:09:21] 우편번호 검색 query=대구연경초등학교
[2026-06-15 14:09:21] 주소 지역 불일치 query=대구연경초등학교 result=대구 동구 동화천로 369 (대구 연경 아이파크)
[2026-06-15 14:09:21] 회원가입 실패 try=1 error=RuntimeError("우편번호/주소 입력 실패 queries=['대구 동구 동화천로 369', '대구연경초등학교'] required=북구 last_error=주소 지역 불일치 query=대구연경초등학교 result=대구 동구 동화천로 369 (대구 연경 아이파크)")
[2026-06-15 14:09:22] 회원가입 시도 2/4
[2026-06-15 14:09:22] 회원가입 시작 sheet=BG plan={'sex': '여자', 'day': '월수'}
[2026-06-15 14:09:24] 회원가입 폼 진입 완료
[2026-06-15 14:09:26] 우편번호 검색 query=대구 북구 동천로 156
[2026-06-15 14:09:27] 우편번호 입력 완료 zip=41421 addr=대구 북구 동천로 156 (동천동, 동화골든빌)
[2026-06-15 14:09:28] 회원가입 제출 클릭 name=박봄 id=researcherao932 school=대구동평초등학교
[2026-06-15 14:09:29] 회원가입 알림 name=박봄 id=researcherao932 message=회원 가입하시겠습니까?
[2026-06-15 14:09:30] 회원가입 알림 name=박봄 id=researcherao932 message=회원 가입에 감사드립니다.
[2026-06-15 14:09:39] 회원가입 검증 완료 name=박봄 day=월수 dialogs=['회원 가입하시겠습니까?', '회원 가입에 감사드립니다.']
[2026-06-15 14:09:39] 수강신청 시도 1 name=박봄 id=researcherao932
[2026-06-15 14:09:39] 수강신청 시작 name=박봄 sheet=BG day=월수
[2026-06-15 14:09:46] BG 과정 선택 완료 day=월수 course_id=3_29 label='' week_filter=False
[2026-06-15 14:09:46] 수강신청 요일 선택 완료 name=박봄 day=월수
[2026-06-15 14:09:48] 수강신청 1차 제출 완료 name=박봄
[2026-06-15 14:09:51] 수강신청 최종 제출 완료 name=박봄
박봄 신청 완료 / 총 49명, 오늘 49명 추가되었습니다.
[2026-06-15 14:09:51] 기록 저장 완료 name=박봄 total=49 today=49
[2026-06-15 14:09:53] 대상 완료 name=박봄 total=49/250 today=49/89
[2026-06-15 14:09:54] 다음 가입 예약: 2026-06-15 14:19:58까지 대기
[2026-06-15 14:19:58] 신규 대상 시작 plan={'sex': '남자', 'day': '월수'}
[2026-06-15 14:20:00] 회원가입 시도 1/4
[2026-06-15 14:20:00] 회원가입 시작 sheet=BG plan={'sex': '남자', 'day': '월수'}
[2026-06-15 14:20:08] 회원가입 폼 진입 완료
[2026-06-15 14:20:11] 우편번호 검색 query=대구 북구 학남로 60
[2026-06-15 14:20:11] 우편번호 검색 실패 query=대구 북구 학남로 60 error=Error('Locator.count: Execution context was destroyed, most likely because of a navigation')
[2026-06-15 14:20:13] 우편번호 검색 query=대구 북구 학남로 60
[2026-06-15 14:20:15] 우편번호 입력 완료 zip=41417 addr=대구 북구 학남로 60 (학정동, 칠곡7주공아파트)
[2026-06-15 14:20:17] 회원가입 제출 클릭 name=조서온 id=bakercloudd21 school=대구태암초등학교
[2026-06-15 14:20:18] 회원가입 알림 name=조서온 id=bakercloudd21 message=회원 가입하시겠습니까?
[2026-06-15 14:20:18] 회원가입 알림 name=조서온 id=bakercloudd21 message=회원 가입에 감사드립니다.
[2026-06-15 14:20:28] 회원가입 검증 완료 name=조서온 day=월수 dialogs=['회원 가입하시겠습니까?', '회원 가입에 감사드립니다.']
[2026-06-15 14:20:28] 수강신청 시도 1 name=조서온 id=bakercloudd21
[2026-06-15 14:20:28] 수강신청 시작 name=조서온 sheet=BG day=월수
[2026-06-15 14:20:35] BG 과정 선택 완료 day=월수 course_id=3_29 label='' week_filter=False
[2026-06-15 14:20:35] 수강신청 요일 선택 완료 name=조서온 day=월수
[2026-06-15 14:20:37] 수강신청 1차 제출 완료 name=조서온
[2026-06-15 14:20:40] 수강신청 최종 제출 완료 name=조서온
조서온 신청 완료 / 총 50명, 오늘 50명 추가되었습니다.
[2026-06-15 14:20:41] 기록 저장 완료 name=조서온 total=50 today=50
[2026-06-15 14:20:42] 대상 완료 name=조서온 total=50/250 today=50/89
[2026-06-15 14:20:44] 다음 가입 예약: 2026-06-15 14:25:54까지 대기
[2026-06-15 14:25:54] 신규 대상 시작 plan={'sex': '남자', 'day': '월수'}
[2026-06-15 14:25:56] 회원가입 시도 1/4
[2026-06-15 14:25:56] 회원가입 시작 sheet=BG plan={'sex': '남자', 'day': '월수'}
[2026-06-15 14:26:01] 회원가입 폼 진입 완료
[2026-06-15 14:26:04] 우편번호 검색 query=대구 북구 동천로 156
[2026-06-15 14:26:04] 우편번호 검색 실패 query=대구 북구 동천로 156 error=Error('Locator.count: Execution context was destroyed, most likely because of a navigation')
[2026-06-15 14:26:05] 우편번호 검색 query=대구 북구 동천로 156
[2026-06-15 14:26:06] 우편번호 입력 완료 zip=41421 addr=대구 북구 동천로 156 (동천동, 동화골든빌)
[2026-06-15 14:26:07] 회원가입 제출 클릭 name=정태하 id=bruhbakingc435 school=대구동평초등학교
[2026-06-15 14:26:08] 회원가입 알림 name=정태하 id=bruhbakingc435 message=회원 가입하시겠습니까?
[2026-06-15 14:26:09] 회원가입 알림 name=정태하 id=bruhbakingc435 message=회원 가입에 감사드립니다.
[2026-06-15 14:26:18] 회원가입 검증 완료 name=정태하 day=월수 dialogs=['회원 가입하시겠습니까?', '회원 가입에 감사드립니다.']
[2026-06-15 14:26:18] 수강신청 시도 1 name=정태하 id=bruhbakingc435
[2026-06-15 14:26:18] 수강신청 시작 name=정태하 sheet=BG day=월수
[2026-06-15 14:26:26] BG 과정 선택 완료 day=월수 course_id=3_29 label='' week_filter=False
[2026-06-15 14:26:26] 수강신청 요일 선택 완료 name=정태하 day=월수
[2026-06-15 14:26:28] 수강신청 1차 제출 완료 name=정태하
[2026-06-15 14:26:32] 수강신청 최종 제출 완료 name=정태하
정태하 신청 완료 / 총 51명, 오늘 51명 추가되었습니다.
[2026-06-15 14:26:32] 기록 저장 완료 name=정태하 total=51 today=51
[2026-06-15 14:26:33] 대상 완료 name=정태하 total=51/250 today=51/89
[2026-06-15 14:26:35] 다음 가입 예약: 2026-06-15 14:40:25까지 대기
