[2026-04-29 17:09:00] 동작 시작 sheet=PH total=280/300 today=37 active=9:00-21:00
[2026-04-29 17:09:01] 신규 대상 시작 plan={'sex': '여자', 'day': '화목'}
[2026-04-29 17:09:05] 회원가입 시도 1/4
[2026-04-29 17:09:05] 회원가입 시작 sheet=PH plan={'sex': '여자', 'day': '화목'}
[2026-04-29 17:09:13] 회원가입 폼 진입 완료
[2026-04-29 17:09:17] 우편번호 검색 query=경북 포항시 북구 새마을로 2
[2026-04-29 17:09:18] 우편번호 입력 완료 zip=37652 addr=경북 포항시 북구 새마을로 2 (용흥동, 용흥현대1차타워아파트)
[2026-04-29 17:09:19] 회원가입 제출 클릭 name=이선우 id=mentorcomedi49k school=포항대흥초등학교
[2026-04-29 17:09:20] 회원가입 알림 name=이선우 id=mentorcomedi49k message=회원 가입하시겠습니까?
[2026-04-29 17:09:21] 회원가입 알림 name=이선우 id=mentorcomedi49k message=회원 가입에 감사드립니다.
[2026-04-29 17:09:31] 회원가입 검증 완료 name=이선우 day=화목 dialogs=['회원 가입하시겠습니까?', '회원 가입에 감사드립니다.']
[2026-04-29 17:09:31] 수강신청 시도 1 name=이선우 id=mentorcomedi49k
[2026-04-29 17:09:31] 수강신청 시작 name=이선우 sheet=PH day=화목
[2026-04-29 17:09:40] PH 과정 선택 완료 course_id=2_60
[2026-04-29 17:09:40] 수강신청 요일 선택 완료 name=이선우 day=화목
[2026-04-29 17:09:42] 수강신청 1차 제출 완료 name=이선우
[2026-04-29 17:09:46] 수강신청 최종 제출 완료 name=이선우
이선우 신청 완료 / 총 281명, 오늘 38명 추가되었습니다.
[2026-04-29 17:09:46] 기록 저장 완료 name=이선우 total=281 today=38
[2026-04-29 17:09:47] 대상 완료 name=이선우 total=281/300 today=38/57
[2026-04-29 17:09:48] 신규 대상 시작 plan={'sex': '여자', 'day': '화목'}
[2026-04-29 17:09:50] 회원가입 시도 1/4
[2026-04-29 17:09:50] 회원가입 시작 sheet=PH plan={'sex': '여자', 'day': '화목'}
[2026-04-29 17:09:55] 회원가입 폼 진입 완료
[2026-04-29 17:09:57] 우편번호 검색 query=경북 포항시 북구 삼호로 391
[2026-04-29 17:09:57] 우편번호 검색 실패 query=경북 포항시 북구 삼호로 391 error=Error('Locator.count: Execution context was destroyed, most likely because of a navigation')
[2026-04-29 17:09:58] 우편번호 검색 query=경북 포항시 북구 삼호로 391
[2026-04-29 17:09:58] 우편번호 입력 완료 zip=37604 addr=경북 포항시 북구 삼호로 391 (환호동, 환호해맞이그린빌)
[2026-04-29 17:09:59] 회원가입 제출 클릭 name=김예린 id=dopecomedian42 school=포항해맞이초등학교
[2026-04-29 17:10:00] 회원가입 알림 name=김예린 id=dopecomedian42 message=회원 가입하시겠습니까?
[2026-04-29 17:10:00] 회원가입 알림 name=김예린 id=dopecomedian42 message=회원 가입에 감사드립니다.
[2026-04-29 17:10:11] 회원가입 검증 완료 name=김예린 day=화목 dialogs=['회원 가입하시겠습니까?', '회원 가입에 감사드립니다.']
[2026-04-29 17:10:11] 수강신청 시도 1 name=김예린 id=dopecomedian42
[2026-04-29 17:10:11] 수강신청 시작 name=김예린 sheet=PH day=화목
[2026-04-29 17:10:19] PH 과정 선택 완료 course_id=2_60
[2026-04-29 17:10:19] 수강신청 요일 선택 완료 name=김예린 day=화목
[2026-04-29 17:10:22] 수강신청 1차 제출 완료 name=김예린
[2026-04-29 17:10:26] 수강신청 최종 제출 완료 name=김예린
김예린 신청 완료 / 총 282명, 오늘 39명 추가되었습니다.
[2026-04-29 17:10:26] 기록 저장 완료 name=김예린 total=282 today=39
[2026-04-29 17:10:28] 대상 완료 name=김예린 total=282/300 today=39/57
[2026-04-29 17:10:28] 신규 대상 시작 plan={'sex': '여자', 'day': '화목'}
[2026-04-29 17:10:30] 회원가입 시도 1/4
[2026-04-29 17:10:30] 회원가입 시작 sheet=PH plan={'sex': '여자', 'day': '화목'}
[2026-04-29 17:10:35] 회원가입 폼 진입 완료
[2026-04-29 17:10:37] 우편번호 검색 query=경북 포항시 북구 삼호로 391
[2026-04-29 17:10:37] 우편번호 검색 실패 query=경북 포항시 북구 삼호로 391 error=Error('Locator.count: Execution context was destroyed, most likely because of a navigation')
[2026-04-29 17:10:38] 우편번호 검색 query=경북 포항시 북구 삼호로 391
[2026-04-29 17:10:38] 우편번호 입력 완료 zip=37604 addr=경북 포항시 북구 삼호로 391 (환호동, 환호해맞이그린빌)
[2026-04-29 17:10:39] 회원가입 제출 클릭 name=김솜 id=matrixdreame55u school=포항해맞이초등학교
[2026-04-29 17:10:40] 회원가입 알림 name=김솜 id=matrixdreame55u message=회원 가입하시겠습니까?
[2026-04-29 17:10:40] 회원가입 알림 name=김솜 id=matrixdreame55u message=회원 가입하시겠습니까?
[2026-04-29 17:10:41] 회원가입 알림 name=김솜 id=matrixdreame55u message=회원 가입에 감사드립니다.
[2026-04-29 17:10:51] 회원가입 검증 완료 name=김솜 day=화목 dialogs=['회원 가입하시겠습니까?', '회원 가입하시겠습니까?', '회원 가입에 감사드립니다.']
[2026-04-29 17:10:51] 수강신청 시도 1 name=김솜 id=matrixdreame55u
[2026-04-29 17:10:51] 수강신청 시작 name=김솜 sheet=PH day=화목
[2026-04-29 17:10:59] PH 과정 선택 완료 course_id=2_60
[2026-04-29 17:10:59] 수강신청 요일 선택 완료 name=김솜 day=화목
[2026-04-29 17:11:01] 수강신청 1차 제출 완료 name=김솜
[2026-04-29 17:11:05] 수강신청 최종 제출 완료 name=김솜
김솜 신청 완료 / 총 283명, 오늘 40명 추가되었습니다.
[2026-04-29 17:11:05] 기록 저장 완료 name=김솜 total=283 today=40
[2026-04-29 17:11:06] 대상 완료 name=김솜 total=283/300 today=40/57
[2026-04-29 17:11:06] 신규 대상 시작 plan={'sex': '여자', 'day': '화목'}
[2026-04-29 17:11:09] 회원가입 시도 1/4
[2026-04-29 17:11:09] 회원가입 시작 sheet=PH plan={'sex': '여자', 'day': '화목'}
[2026-04-29 17:11:14] 회원가입 폼 진입 완료
[2026-04-29 17:11:16] 우편번호 검색 query=경북 포항시 남구 오천읍 해병로 127
[2026-04-29 17:11:17] 우편번호 입력 완료 zip=37902 addr=경북 포항시 남구 오천읍 해병로 127 (구정리, 우방신세계타운2차)
[2026-04-29 17:11:18] 회원가입 제출 클릭 name=백율 id=problemsolv3455 school=구정초등학교
[2026-04-29 17:11:18] 회원가입 알림 name=백율 id=problemsolv3455 message=회원 가입하시겠습니까?
[2026-04-29 17:11:19] 회원가입 알림 name=백율 id=problemsolv3455 message=회원 가입에 감사드립니다.
[2026-04-29 17:11:29] 회원가입 검증 완료 name=백율 day=화목 dialogs=['회원 가입하시겠습니까?', '회원 가입에 감사드립니다.']
[2026-04-29 17:11:29] 수강신청 시도 1 name=백율 id=problemsolv3455
[2026-04-29 17:11:29] 수강신청 시작 name=백율 sheet=PH day=화목
[2026-04-29 17:11:37] PH 과정 선택 완료 course_id=2_60
[2026-04-29 17:11:37] 수강신청 요일 선택 완료 name=백율 day=화목
[2026-04-29 17:11:39] 수강신청 1차 제출 완료 name=백율
[2026-04-29 17:11:42] 수강신청 최종 제출 완료 name=백율
백율 신청 완료 / 총 284명, 오늘 41명 추가되었습니다.
[2026-04-29 17:11:42] 기록 저장 완료 name=백율 total=284 today=41
[2026-04-29 17:11:43] 대상 완료 name=백율 total=284/300 today=41/57
[2026-04-29 17:11:43] 신규 대상 시작 plan={'sex': '여자', 'day': '화목'}
[2026-04-29 17:11:46] 회원가입 시도 1/4
[2026-04-29 17:11:46] 회원가입 시작 sheet=PH plan={'sex': '여자', 'day': '화목'}
[2026-04-29 17:11:51] 회원가입 폼 진입 완료
[2026-04-29 17:11:53] 우편번호 검색 query=경북 포항시 북구 삼호로 391
[2026-04-29 17:11:53] 우편번호 검색 실패 query=경북 포항시 북구 삼호로 391 error=Error('Locator.count: Execution context was destroyed, most likely because of a navigation')
[2026-04-29 17:11:54] 우편번호 검색 query=경북 포항시 북구 삼호로 391
[2026-04-29 17:11:55] 우편번호 입력 완료 zip=37604 addr=경북 포항시 북구 삼호로 391 (환호동, 환호해맞이그린빌)
[2026-04-29 17:11:56] 회원가입 제출 클릭 name=차아연 id=sejongwarrit304 school=포항해맞이초등학교
[2026-04-29 17:11:56] 회원가입 알림 name=차아연 id=sejongwarrit304 message=회원 가입하시겠습니까?
[2026-04-29 17:11:57] 회원가입 알림 name=차아연 id=sejongwarrit304 message=회원 가입에 감사드립니다.
[2026-04-29 17:12:07] 회원가입 검증 완료 name=차아연 day=화목 dialogs=['회원 가입하시겠습니까?', '회원 가입에 감사드립니다.']
[2026-04-29 17:12:07] 수강신청 시도 1 name=차아연 id=sejongwarrit304
[2026-04-29 17:12:07] 수강신청 시작 name=차아연 sheet=PH day=화목
[2026-04-29 17:12:15] PH 과정 선택 완료 course_id=2_60
[2026-04-29 17:12:15] 수강신청 요일 선택 완료 name=차아연 day=화목
[2026-04-29 17:12:17] 수강신청 1차 제출 완료 name=차아연
[2026-04-29 17:12:21] 수강신청 최종 제출 완료 name=차아연
차아연 신청 완료 / 총 285명, 오늘 42명 추가되었습니다.
[2026-04-29 17:12:21] 기록 저장 완료 name=차아연 total=285 today=42
[2026-04-29 17:12:22] 대상 완료 name=차아연 total=285/300 today=42/57
[2026-04-29 17:12:22] 신규 대상 시작 plan={'sex': '여자', 'day': '화목'}
[2026-04-29 17:12:26] 회원가입 시도 1/4
[2026-04-29 17:12:26] 회원가입 시작 sheet=PH plan={'sex': '여자', 'day': '화목'}
[2026-04-29 17:12:31] 회원가입 폼 진입 완료
[2026-04-29 17:12:32] 우편번호 검색 query=경북 포항시 북구 중흥로161번길 24-8 경동하이츠13차
[2026-04-29 17:12:34] 우편번호 입력 완료 zip=37756 addr=경북 포항시 북구 중흥로161번길 24-8 (죽도동, 경동하이츠13차)
[2026-04-29 17:12:34] 회원가입 제출 클릭 name=류수민 id=minecraftpio95e school=상대초등학교
[2026-04-29 17:12:35] 회원가입 알림 name=류수민 id=minecraftpio95e message=회원 가입하시겠습니까?
[2026-04-29 17:12:36] 회원가입 알림 name=류수민 id=minecraftpio95e message=회원 가입에 감사드립니다.
[2026-04-29 17:12:46] 회원가입 검증 완료 name=류수민 day=화목 dialogs=['회원 가입하시겠습니까?', '회원 가입에 감사드립니다.']
[2026-04-29 17:12:46] 수강신청 시도 1 name=류수민 id=minecraftpio95e
[2026-04-29 17:12:46] 수강신청 시작 name=류수민 sheet=PH day=화목
[2026-04-29 17:12:54] PH 과정 선택 완료 course_id=2_60
[2026-04-29 17:12:54] 수강신청 요일 선택 완료 name=류수민 day=화목
[2026-04-29 17:12:56] 수강신청 1차 제출 완료 name=류수민
[2026-04-29 17:12:59] 수강신청 최종 제출 완료 name=류수민
류수민 신청 완료 / 총 286명, 오늘 43명 추가되었습니다.
[2026-04-29 17:12:59] 기록 저장 완료 name=류수민 total=286 today=43
[2026-04-29 17:13:00] 대상 완료 name=류수민 total=286/300 today=43/57
[2026-04-29 17:13:00] 신규 대상 시작 plan={'sex': '남자', 'day': '화목'}
[2026-04-29 17:13:03] 회원가입 시도 1/4
[2026-04-29 17:13:03] 회원가입 시작 sheet=PH plan={'sex': '남자', 'day': '화목'}
[2026-04-29 17:13:08] 회원가입 폼 진입 완료
[2026-04-29 17:13:11] 우편번호 검색 query=경북 포항시 남구 지곡로 294
[2026-04-29 17:13:12] 우편번호 입력 완료 zip=37669 addr=경북 포항시 남구 지곡로 294 (지곡동, 효자그린아파트)
[2026-04-29 17:13:12] 회원가입 제출 클릭 name=곽윤재 id=guccientrepg496 school=달전초등학교
[2026-04-29 17:13:13] 회원가입 알림 name=곽윤재 id=guccientrepg496 message=회원 가입하시겠습니까?
[2026-04-29 17:13:14] 회원가입 알림 name=곽윤재 id=guccientrepg496 message=회원 가입에 감사드립니다.
[2026-04-29 17:13:24] 회원가입 검증 완료 name=곽윤재 day=화목 dialogs=['회원 가입하시겠습니까?', '회원 가입에 감사드립니다.']
[2026-04-29 17:13:24] 수강신청 시도 1 name=곽윤재 id=guccientrepg496
[2026-04-29 17:13:24] 수강신청 시작 name=곽윤재 sheet=PH day=화목
[2026-04-29 17:13:32] PH 과정 선택 완료 course_id=2_60
[2026-04-29 17:13:32] 수강신청 요일 선택 완료 name=곽윤재 day=화목
[2026-04-29 17:13:34] 수강신청 1차 제출 완료 name=곽윤재
[2026-04-29 17:13:37] 수강신청 최종 제출 완료 name=곽윤재
곽윤재 신청 완료 / 총 287명, 오늘 44명 추가되었습니다.
[2026-04-29 17:13:37] 기록 저장 완료 name=곽윤재 total=287 today=44
[2026-04-29 17:13:38] 대상 완료 name=곽윤재 total=287/300 today=44/57
[2026-04-29 17:13:38] 신규 대상 시작 plan={'sex': '남자', 'day': '화목'}
[2026-04-29 17:13:41] 회원가입 시도 1/4
[2026-04-29 17:13:41] 회원가입 시작 sheet=PH plan={'sex': '남자', 'day': '화목'}
[2026-04-29 17:13:46] 회원가입 폼 진입 완료
[2026-04-29 17:13:48] 우편번호 검색 query=경북 포항시 북구 흥해읍 중성로32번길 30-1
[2026-04-29 17:13:49] 우편번호 입력 완료 zip=37545 addr=경북 포항시 북구 흥해읍 중성로32번길 30-1 (남성리, 대동빌라)
[2026-04-29 17:13:50] 회원가입 제출 클릭 name=장강 id=teascientisb368 school=흥해남산초등학교
[2026-04-29 17:13:51] 회원가입 알림 name=장강 id=teascientisb368 message=회원 가입하시겠습니까?
[2026-04-29 17:13:52] 회원가입 알림 name=장강 id=teascientisb368 message=회원 가입에 감사드립니다.
[2026-04-29 17:14:02] 회원가입 검증 완료 name=장강 day=화목 dialogs=['회원 가입하시겠습니까?', '회원 가입에 감사드립니다.']
[2026-04-29 17:14:02] 수강신청 시도 1 name=장강 id=teascientisb368
[2026-04-29 17:14:02] 수강신청 시작 name=장강 sheet=PH day=화목
[2026-04-29 17:14:10] PH 과정 선택 완료 course_id=2_60
[2026-04-29 17:14:10] 수강신청 요일 선택 완료 name=장강 day=화목
[2026-04-29 17:14:12] 수강신청 1차 제출 완료 name=장강
[2026-04-29 17:14:16] 수강신청 최종 제출 완료 name=장강
장강 신청 완료 / 총 288명, 오늘 45명 추가되었습니다.
[2026-04-29 17:14:16] 기록 저장 완료 name=장강 total=288 today=45
[2026-04-29 17:14:18] 대상 완료 name=장강 total=288/300 today=45/57
[2026-04-29 17:14:18] 신규 대상 시작 plan={'sex': '남자', 'day': '화목'}
[2026-04-29 17:14:20] 회원가입 시도 1/4
[2026-04-29 17:14:20] 회원가입 시작 sheet=PH plan={'sex': '남자', 'day': '화목'}
[2026-04-29 17:14:24] 회원가입 폼 진입 완료
[2026-04-29 17:14:27] 우편번호 검색 query=경북 포항시 북구 흥해읍 이인리 927-61
[2026-04-29 17:14:28] 우편번호 입력 완료 zip=37566 addr=경북 포항시 북구 흥해읍 달전로 365 (이인리, 삼도드림파크)
[2026-04-29 17:14:29] 회원가입 제출 클릭 name=임지웅 id=chillinstagrj14 school=달전초등학교
[2026-04-29 17:14:29] 회원가입 알림 name=임지웅 id=chillinstagrj14 message=회원 가입하시겠습니까?
[2026-04-29 17:14:30] 회원가입 알림 name=임지웅 id=chillinstagrj14 message=회원 가입에 감사드립니다.
[2026-04-29 17:14:40] 회원가입 검증 완료 name=임지웅 day=화목 dialogs=['회원 가입하시겠습니까?', '회원 가입에 감사드립니다.']
[2026-04-29 17:14:40] 수강신청 시도 1 name=임지웅 id=chillinstagrj14
[2026-04-29 17:14:40] 수강신청 시작 name=임지웅 sheet=PH day=화목
[2026-04-29 17:14:48] PH 과정 선택 완료 course_id=2_60
[2026-04-29 17:14:48] 수강신청 요일 선택 완료 name=임지웅 day=화목
[2026-04-29 17:14:50] 수강신청 1차 제출 완료 name=임지웅
[2026-04-29 17:14:53] 수강신청 최종 제출 완료 name=임지웅
임지웅 신청 완료 / 총 289명, 오늘 46명 추가되었습니다.
[2026-04-29 17:14:54] 기록 저장 완료 name=임지웅 total=289 today=46
[2026-04-29 17:14:55] 대상 완료 name=임지웅 total=289/300 today=46/57
[2026-04-29 17:14:55] 신규 대상 시작 plan={'sex': '남자', 'day': '화목'}
[2026-04-29 17:14:57] 회원가입 시도 1/4
[2026-04-29 17:14:57] 회원가입 시작 sheet=PH plan={'sex': '남자', 'day': '화목'}
[2026-04-29 17:15:02] 회원가입 폼 진입 완료
[2026-04-29 17:15:05] 우편번호 검색 query=경북 포항시 북구 환호공원길 53-4
[2026-04-29 17:15:06] 우편번호 입력 완료 zip=37600 addr=경북 포항시 북구 환호공원길 53-4 (환호동, 해변타운)
[2026-04-29 17:15:07] 회원가입 제출 클릭 name=김신 id=researcherbs920 school=포항해맞이초등학교
[2026-04-29 17:15:08] 회원가입 알림 name=김신 id=researcherbs920 message=회원 가입하시겠습니까?
[2026-04-29 17:15:08] 회원가입 알림 name=김신 id=researcherbs920 message=회원 가입에 감사드립니다.
[2026-04-29 17:15:19] 회원가입 검증 완료 name=김신 day=화목 dialogs=['회원 가입하시겠습니까?', '회원 가입에 감사드립니다.']
[2026-04-29 17:15:19] 수강신청 시도 1 name=김신 id=researcherbs920
[2026-04-29 17:15:19] 수강신청 시작 name=김신 sheet=PH day=화목
[2026-04-29 17:15:28] PH 과정 선택 완료 course_id=2_60
[2026-04-29 17:15:28] 수강신청 요일 선택 완료 name=김신 day=화목
[2026-04-29 17:15:30] 수강신청 1차 제출 완료 name=김신
[2026-04-29 17:15:35] 수강신청 최종 제출 완료 name=김신
김신 신청 완료 / 총 290명, 오늘 47명 추가되었습니다.
[2026-04-29 17:15:35] 기록 저장 완료 name=김신 total=290 today=47
[2026-04-29 17:15:39] 대상 완료 name=김신 total=290/300 today=47/57
[2026-04-29 17:15:39] 신규 대상 시작 plan={'sex': '여자', 'day': '화목'}
[2026-04-29 17:15:42] 회원가입 시도 1/4
[2026-04-29 17:15:42] 회원가입 시작 sheet=PH plan={'sex': '여자', 'day': '화목'}
[2026-04-29 17:15:47] 회원가입 폼 진입 완료
[2026-04-29 17:15:51] 우편번호 검색 query=경북 포항시 남구 대해로79번길 14-10 성경빌라
[2026-04-29 17:15:52] 우편번호 입력 완료 zip=37779 addr=경북 포항시 남구 대해로79번길 14-10 (대도동, 성경빌라)
[2026-04-29 17:15:53] 회원가입 제출 클릭 name=정시현 id=canvasbasebg294 school=상대초등학교
[2026-04-29 17:15:54] 회원가입 알림 name=정시현 id=canvasbasebg294 message=회원 가입하시겠습니까?
[2026-04-29 17:15:55] 회원가입 알림 name=정시현 id=canvasbasebg294 message=회원 가입에 감사드립니다.
[2026-04-29 17:16:04] 회원가입 검증 완료 name=정시현 day=화목 dialogs=['회원 가입하시겠습니까?', '회원 가입에 감사드립니다.']
[2026-04-29 17:16:04] 수강신청 시도 1 name=정시현 id=canvasbasebg294
[2026-04-29 17:16:04] 수강신청 시작 name=정시현 sheet=PH day=화목
[2026-04-29 17:16:13] PH 과정 선택 완료 course_id=2_60
[2026-04-29 17:16:13] 수강신청 요일 선택 완료 name=정시현 day=화목
[2026-04-29 17:16:15] 수강신청 1차 제출 완료 name=정시현
[2026-04-29 17:16:19] 수강신청 최종 제출 완료 name=정시현
정시현 신청 완료 / 총 291명, 오늘 48명 추가되었습니다.
[2026-04-29 17:16:20] 기록 저장 완료 name=정시현 total=291 today=48
[2026-04-29 17:16:21] 대상 완료 name=정시현 total=291/300 today=48/57
[2026-04-29 17:16:21] 신규 대상 시작 plan={'sex': '여자', 'day': '화목'}
[2026-04-29 17:16:24] 회원가입 시도 1/4
[2026-04-29 17:16:24] 회원가입 시작 sheet=PH plan={'sex': '여자', 'day': '화목'}
[2026-04-29 17:16:29] 회원가입 폼 진입 완료
[2026-04-29 17:16:32] 우편번호 검색 query=경북 포항시 남구 오천읍 해병로 127
[2026-04-29 17:16:33] 우편번호 입력 완료 zip=37902 addr=경북 포항시 남구 오천읍 해병로 127 (구정리, 우방신세계타운2차)
[2026-04-29 17:16:34] 회원가입 제출 클릭 name=이샛별 id=athletement5964 school=구정초등학교
[2026-04-29 17:16:34] 회원가입 알림 name=이샛별 id=athletement5964 message=회원 가입하시겠습니까?
[2026-04-29 17:16:35] 회원가입 알림 name=이샛별 id=athletement5964 message=회원 가입에 감사드립니다.
[2026-04-29 17:16:45] 회원가입 검증 완료 name=이샛별 day=화목 dialogs=['회원 가입하시겠습니까?', '회원 가입에 감사드립니다.']
[2026-04-29 17:16:45] 수강신청 시도 1 name=이샛별 id=athletement5964
[2026-04-29 17:16:45] 수강신청 시작 name=이샛별 sheet=PH day=화목
[2026-04-29 17:16:54] PH 과정 선택 완료 course_id=2_60
[2026-04-29 17:16:54] 수강신청 요일 선택 완료 name=이샛별 day=화목
[2026-04-29 17:16:56] 수강신청 1차 제출 완료 name=이샛별
[2026-04-29 17:17:00] 수강신청 최종 제출 완료 name=이샛별
이샛별 신청 완료 / 총 292명, 오늘 49명 추가되었습니다.
[2026-04-29 17:17:01] 기록 저장 완료 name=이샛별 total=292 today=49
[2026-04-29 17:17:02] 대상 완료 name=이샛별 total=292/300 today=49/57
[2026-04-29 17:17:02] 신규 대상 시작 plan={'sex': '남자', 'day': '화목'}
[2026-04-29 17:17:05] 회원가입 시도 1/4
[2026-04-29 17:17:05] 회원가입 시작 sheet=PH plan={'sex': '남자', 'day': '화목'}
[2026-04-29 17:17:10] 회원가입 폼 진입 완료
[2026-04-29 17:17:12] 우편번호 검색 query=경북 포항시 남구 해병로 405 청호하이츠
[2026-04-29 17:17:14] 우편번호 입력 완료 zip=37916 addr=경북 포항시 남구 오천읍 해병로 405 (문덕리, 청호하이츠)
[2026-04-29 17:17:15] 회원가입 제출 클릭 name=윤태우 id=gochampion5281 school=문덕초등학교
[2026-04-29 17:17:16] 회원가입 알림 name=윤태우 id=gochampion5281 message=회원 가입하시겠습니까?
[2026-04-29 17:17:17] 회원가입 알림 name=윤태우 id=gochampion5281 message=회원 가입에 감사드립니다.
[2026-04-29 17:17:26] 회원가입 검증 완료 name=윤태우 day=화목 dialogs=['회원 가입하시겠습니까?', '회원 가입에 감사드립니다.']
[2026-04-29 17:17:26] 수강신청 시도 1 name=윤태우 id=gochampion5281
[2026-04-29 17:17:26] 수강신청 시작 name=윤태우 sheet=PH day=화목
[2026-04-29 17:17:35] PH 과정 선택 완료 course_id=2_60
[2026-04-29 17:17:35] 수강신청 요일 선택 완료 name=윤태우 day=화목
[2026-04-29 17:17:36] 수강신청 1차 제출 완료 name=윤태우
[2026-04-29 17:17:40] 수강신청 최종 제출 완료 name=윤태우
윤태우 신청 완료 / 총 293명, 오늘 50명 추가되었습니다.
[2026-04-29 17:17:41] 기록 저장 완료 name=윤태우 total=293 today=50
[2026-04-29 17:17:42] 대상 완료 name=윤태우 total=293/300 today=50/57
[2026-04-29 17:17:42] 신규 대상 시작 plan={'sex': '남자', 'day': '화목'}
[2026-04-29 17:17:45] 회원가입 시도 1/4
[2026-04-29 17:17:45] 회원가입 시작 sheet=PH plan={'sex': '남자', 'day': '화목'}
[2026-04-29 17:17:51] 회원가입 폼 진입 완료
[2026-04-29 17:17:55] 우편번호 검색 query=경북 포항시 북구 우미길 90
[2026-04-29 17:17:56] 우편번호 입력 완료 zip=37647 addr=경북 포항시 북구 우미길 90 (용흥동, 해원하나로타운)
[2026-04-29 17:17:57] 회원가입 제출 클릭 name=김태빈 id=chillnevert2464 school=포항대흥초등학교
[2026-04-29 17:17:58] 회원가입 알림 name=김태빈 id=chillnevert2464 message=회원 가입하시겠습니까?
[2026-04-29 17:17:59] 회원가입 알림 name=김태빈 id=chillnevert2464 message=회원 가입에 감사드립니다.
[2026-04-29 17:18:09] 회원가입 검증 완료 name=김태빈 day=화목 dialogs=['회원 가입하시겠습니까?', '회원 가입에 감사드립니다.']
[2026-04-29 17:18:09] 수강신청 시도 1 name=김태빈 id=chillnevert2464
[2026-04-29 17:18:09] 수강신청 시작 name=김태빈 sheet=PH day=화목
[2026-04-29 17:18:20] PH 과정 선택 완료 course_id=2_60
[2026-04-29 17:18:20] 수강신청 요일 선택 완료 name=김태빈 day=화목
[2026-04-29 17:18:23] 수강신청 1차 제출 완료 name=김태빈
[2026-04-29 17:18:31] 수강신청 최종 제출 완료 name=김태빈
김태빈 신청 완료 / 총 294명, 오늘 51명 추가되었습니다.
[2026-04-29 17:18:32] 기록 저장 완료 name=김태빈 total=294 today=51
[2026-04-29 17:18:35] 대상 완료 name=김태빈 total=294/300 today=51/57
[2026-04-29 17:18:36] 신규 대상 시작 plan={'sex': '여자', 'day': '화목'}
[2026-04-29 17:18:41] 회원가입 시도 1/4
[2026-04-29 17:18:41] 회원가입 시작 sheet=PH plan={'sex': '여자', 'day': '화목'}
[2026-04-29 17:18:49] 회원가입 폼 진입 완료
[2026-04-29 17:18:52] 우편번호 검색 query=경북 포항시 남구 해병로 125
[2026-04-29 17:18:52] 우편번호 검색 실패 query=경북 포항시 남구 해병로 125 error=Error('Locator.count: Execution context was destroyed, most likely because of a navigation')
[2026-04-29 17:18:53] 우편번호 검색 query=경북 포항시 남구 해병로 125
[2026-04-29 17:18:54] 우편번호 입력 완료 zip=37902 addr=경북 포항시 남구 해병로 125 (인덕동, 우방신세계1차아파트)
[2026-04-29 17:18:55] 회원가입 제출 클릭 name=박라원 id=coolhappy43n school=인덕초등학교
[2026-04-29 17:18:56] 회원가입 알림 name=박라원 id=coolhappy43n message=회원 가입하시겠습니까?
[2026-04-29 17:18:57] 회원가입 알림 name=박라원 id=coolhappy43n message=회원 가입에 감사드립니다.
[2026-04-29 17:19:06] 회원가입 검증 완료 name=박라원 day=화목 dialogs=['회원 가입하시겠습니까?', '회원 가입에 감사드립니다.']
[2026-04-29 17:19:06] 수강신청 시도 1 name=박라원 id=coolhappy43n
[2026-04-29 17:19:06] 수강신청 시작 name=박라원 sheet=PH day=화목
[2026-04-29 17:19:15] PH 과정 선택 완료 course_id=2_60
[2026-04-29 17:19:15] 수강신청 요일 선택 완료 name=박라원 day=화목
[2026-04-29 17:19:17] 수강신청 1차 제출 완료 name=박라원
[2026-04-29 17:19:21] 수강신청 최종 제출 완료 name=박라원
박라원 신청 완료 / 총 295명, 오늘 52명 추가되었습니다.
[2026-04-29 17:19:21] 기록 저장 완료 name=박라원 total=295 today=52
[2026-04-29 17:19:23] 대상 완료 name=박라원 total=295/300 today=52/57
[2026-04-29 17:19:23] 신규 대상 시작 plan={'sex': '남자', 'day': '화목'}
[2026-04-29 17:19:26] 회원가입 시도 1/4
[2026-04-29 17:19:26] 회원가입 시작 sheet=PH plan={'sex': '남자', 'day': '화목'}
[2026-04-29 17:19:32] 회원가입 폼 진입 완료
[2026-04-29 17:19:35] 우편번호 검색 query=경북 포항시 북구 환호공원길 53-4
[2026-04-29 17:19:36] 우편번호 입력 완료 zip=37600 addr=경북 포항시 북구 환호공원길 53-4 (환호동, 해변타운)
[2026-04-29 17:19:37] 회원가입 제출 클릭 name=임보겸 id=mathematici7100 school=포항해맞이초등학교
[2026-04-29 17:19:38] 회원가입 알림 name=임보겸 id=mathematici7100 message=회원 가입하시겠습니까?
[2026-04-29 17:19:39] 회원가입 알림 name=임보겸 id=mathematici7100 message=회원 가입에 감사드립니다.
[2026-04-29 17:19:49] 회원가입 검증 완료 name=임보겸 day=화목 dialogs=['회원 가입하시겠습니까?', '회원 가입에 감사드립니다.']
[2026-04-29 17:19:49] 수강신청 시도 1 name=임보겸 id=mathematici7100
[2026-04-29 17:19:49] 수강신청 시작 name=임보겸 sheet=PH day=화목
[2026-04-29 17:19:58] PH 과정 선택 완료 course_id=2_60
[2026-04-29 17:19:58] 수강신청 요일 선택 완료 name=임보겸 day=화목
[2026-04-29 17:20:00] 수강신청 1차 제출 완료 name=임보겸
[2026-04-29 17:20:04] 수강신청 최종 제출 완료 name=임보겸
임보겸 신청 완료 / 총 296명, 오늘 53명 추가되었습니다.
[2026-04-29 17:20:05] 기록 저장 완료 name=임보겸 total=296 today=53
[2026-04-29 17:20:08] 대상 완료 name=임보겸 total=296/300 today=53/57
[2026-04-29 17:20:08] 신규 대상 시작 plan={'sex': '여자', 'day': '화목'}
[2026-04-29 17:20:14] 회원가입 시도 1/4
[2026-04-29 17:20:14] 회원가입 시작 sheet=PH plan={'sex': '여자', 'day': '화목'}
[2026-04-29 17:20:26] 회원가입 폼 진입 완료
[2026-04-29 17:20:30] 우편번호 검색 query=경북 포항시 북구 성실로 66-11
[2026-04-29 17:20:30] 우편번호 검색 실패 query=경북 포항시 북구 성실로 66-11 error=Error('Locator.count: Execution context was destroyed, most likely because of a navigation')
[2026-04-29 17:20:31] 우편번호 검색 query=경북 포항시 북구 성실로 66-11
[2026-04-29 17:20:32] 우편번호 입력 완료 zip=37615 addr=경북 포항시 북구 성실로 66-11 (장성동, 대방한양아파트)
[2026-04-29 17:20:34] 회원가입 제출 클릭 name=김유리 id=translatorrj510 school=장성초등학교
[2026-04-29 17:20:35] 회원가입 알림 name=김유리 id=translatorrj510 message=회원 가입하시겠습니까?
[2026-04-29 17:20:35] 회원가입 알림 name=김유리 id=translatorrj510 message=회원 가입에 감사드립니다.
[2026-04-29 17:20:46] 회원가입 검증 완료 name=김유리 day=화목 dialogs=['회원 가입하시겠습니까?', '회원 가입에 감사드립니다.']
[2026-04-29 17:20:46] 수강신청 시도 1 name=김유리 id=translatorrj510
[2026-04-29 17:20:46] 수강신청 시작 name=김유리 sheet=PH day=화목
[2026-04-29 17:20:54] PH 과정 선택 완료 course_id=2_60
[2026-04-29 17:20:54] 수강신청 요일 선택 완료 name=김유리 day=화목
[2026-04-29 17:20:56] 수강신청 1차 제출 완료 name=김유리
[2026-04-29 17:21:00] 수강신청 최종 제출 완료 name=김유리
김유리 신청 완료 / 총 297명, 오늘 54명 추가되었습니다.
[2026-04-29 17:21:00] 기록 저장 완료 name=김유리 total=297 today=54
[2026-04-29 17:21:02] 대상 완료 name=김유리 total=297/300 today=54/57
[2026-04-29 17:21:02] 신규 대상 시작 plan={'sex': '남자', 'day': '화목'}
[2026-04-29 17:21:05] 회원가입 시도 1/4
[2026-04-29 17:21:05] 회원가입 시작 sheet=PH plan={'sex': '남자', 'day': '화목'}
[2026-04-29 17:21:11] 회원가입 폼 진입 완료
[2026-04-29 17:21:14] 우편번호 검색 query=경북 포항시 북구 창흥로 67
[2026-04-29 17:21:16] 우편번호 입력 완료 zip=37632 addr=경북 포항시 북구 창흥로 67 (창포동, 두호주공2차아파트)
[2026-04-29 17:21:17] 회원가입 제출 클릭 name=최윤성 id=strategista9468 school=포항중앙초등학교
[2026-04-29 17:21:17] 회원가입 알림 name=최윤성 id=strategista9468 message=회원 가입하시겠습니까?
[2026-04-29 17:21:18] 회원가입 알림 name=최윤성 id=strategista9468 message=회원 가입에 감사드립니다.
[2026-04-29 17:21:29] 회원가입 검증 완료 name=최윤성 day=화목 dialogs=['회원 가입하시겠습니까?', '회원 가입에 감사드립니다.']
[2026-04-29 17:21:29] 수강신청 시도 1 name=최윤성 id=strategista9468
[2026-04-29 17:21:29] 수강신청 시작 name=최윤성 sheet=PH day=화목
[2026-04-29 17:21:37] PH 과정 선택 완료 course_id=2_60
[2026-04-29 17:21:37] 수강신청 요일 선택 완료 name=최윤성 day=화목
[2026-04-29 17:21:39] 수강신청 1차 제출 완료 name=최윤성
[2026-04-29 17:21:43] 수강신청 최종 제출 완료 name=최윤성
최윤성 신청 완료 / 총 298명, 오늘 55명 추가되었습니다.
[2026-04-29 17:21:44] 기록 저장 완료 name=최윤성 total=298 today=55
[2026-04-29 17:21:46] 대상 완료 name=최윤성 total=298/300 today=55/57
[2026-04-29 17:21:46] 신규 대상 시작 plan={'sex': '여자', 'day': '화목'}
[2026-04-29 17:21:49] 회원가입 시도 1/4
[2026-04-29 17:21:49] 회원가입 시작 sheet=PH plan={'sex': '여자', 'day': '화목'}
[2026-04-29 17:21:55] 회원가입 폼 진입 완료
[2026-04-29 17:21:58] 우편번호 검색 query=경북 포항시 남구 지곡로 294
[2026-04-29 17:21:59] 우편번호 입력 완료 zip=37669 addr=경북 포항시 남구 지곡로 294 (지곡동, 효자그린아파트)
[2026-04-29 17:22:00] 회원가입 제출 클릭 name=김나은 id=justicefried460 school=달전초등학교
[2026-04-29 17:22:01] 회원가입 알림 name=김나은 id=justicefried460 message=회원 가입하시겠습니까?
[2026-04-29 17:22:02] 회원가입 알림 name=김나은 id=justicefried460 message=회원 가입에 감사드립니다.
[2026-04-29 17:22:12] 회원가입 검증 완료 name=김나은 day=화목 dialogs=['회원 가입하시겠습니까?', '회원 가입에 감사드립니다.']
[2026-04-29 17:22:12] 수강신청 시도 1 name=김나은 id=justicefried460
[2026-04-29 17:22:12] 수강신청 시작 name=김나은 sheet=PH day=화목
[2026-04-29 17:22:21] PH 과정 선택 완료 course_id=2_60
[2026-04-29 17:22:21] 수강신청 요일 선택 완료 name=김나은 day=화목
[2026-04-29 17:22:22] 수강신청 1차 제출 완료 name=김나은
[2026-04-29 17:22:26] 수강신청 최종 제출 완료 name=김나은
김나은 신청 완료 / 총 299명, 오늘 56명 추가되었습니다.
[2026-04-29 17:22:27] 기록 저장 완료 name=김나은 total=299 today=56
[2026-04-29 17:22:28] 대상 완료 name=김나은 total=299/300 today=56/57
[2026-04-29 17:22:29] 신규 대상 시작 plan={'sex': '남자', 'day': '화목'}
[2026-04-29 17:22:33] 회원가입 시도 1/4
[2026-04-29 17:22:33] 회원가입 시작 sheet=PH plan={'sex': '남자', 'day': '화목'}
[2026-04-29 17:22:38] 회원가입 폼 진입 완료
[2026-04-29 17:22:42] 우편번호 검색 query=경북 포항시 북구 흥해읍 이인리 927-61
[2026-04-29 17:22:45] 우편번호 입력 완료 zip=37566 addr=경북 포항시 북구 흥해읍 달전로 365 (이인리, 삼도드림파크)
[2026-04-29 17:22:47] 회원가입 제출 클릭 name=정로아 id=pianomediato29p school=달전초등학교
[2026-04-29 17:22:48] 회원가입 알림 name=정로아 id=pianomediato29p message=회원 가입하시겠습니까?
[2026-04-29 17:22:49] 회원가입 알림 name=정로아 id=pianomediato29p message=회원 가입에 감사드립니다.
[2026-04-29 17:22:59] 회원가입 검증 완료 name=정로아 day=화목 dialogs=['회원 가입하시겠습니까?', '회원 가입에 감사드립니다.']
[2026-04-29 17:22:59] 수강신청 시도 1 name=정로아 id=pianomediato29p
[2026-04-29 17:22:59] 수강신청 시작 name=정로아 sheet=PH day=화목
[2026-04-29 17:23:07] PH 과정 선택 완료 course_id=2_60
[2026-04-29 17:23:07] 수강신청 요일 선택 완료 name=정로아 day=화목
[2026-04-29 17:23:09] 수강신청 1차 제출 완료 name=정로아
[2026-04-29 17:23:13] 수강신청 최종 제출 완료 name=정로아
정로아 신청 완료 / 총 300명, 오늘 57명 추가되었습니다.
[2026-04-29 17:23:14] 기록 저장 완료 name=정로아 total=300 today=57
[2026-04-29 17:23:15] 대상 완료 name=정로아 total=300/300 today=57/57
[2026-04-29 17:23:15] 목표 달성 완료. 현재 PH 누적 300명
